<!doctype html public "-//w3c//dtd html 4.0 transitional//en">
<html><head>
<title>Static Call Graph - [.\build\rtthread.axf]</title></head>
<body><HR>
<H1>Static Call Graph for image .\build\rtthread.axf</H1><HR>
<BR><P>#&#060CALLGRAPH&#062# ARM Linker, 6230001: Last Updated: Tue Jul  8 15:55:26 2025
<BR><P>
<H3>Maximum Stack Usage =       1208 bytes + Unknown(Functions without stacksize, Cycles, Untraceable Function Pointers)</H3><H3>
Call chain for Maximum Stack Depth:</H3>
main_thread_entry &rArr; $Super$$main &rArr; ADC_DMA_Timer_Init &rArr; EDMA_PrepareTransfer &rArr; EDMA_PrepareTransferConfig &rArr; __aeabi_assert &rArr; abort &rArr; __rt_SIGABRT &rArr; __sig_exit &rArr; _sys_exit &rArr; __rt_libc_exit &rArr; rt_thread_control &rArr; rt_thread_delete &rArr; _thread_detach &rArr; rt_mutex_drop_thread &rArr; rt_kprintf &rArr; rt_device_write &rArr; rt_object_get_type &rArr; rt_assert_handler &rArr;  rt_kprintf (Cycle)
<P>
<H3>
Functions with no stack information
</H3><UL>
 <LI><a href="#[1]">Reset_Handler</a>
 <LI><a href="#[9c]">ADC0_DriverIRQHandler</a>
 <LI><a href="#[5]">BusFault_Handler</a>
 <LI><a href="#[84]">CDOG0_DriverIRQHandler</a>
 <LI><a href="#[5f]">CMC_DriverIRQHandler</a>
 <LI><a href="#[9e]">CMP0_DriverIRQHandler</a>
 <LI><a href="#[9f]">CMP1_DriverIRQHandler</a>
 <LI><a href="#[9]">DebugMon_Handler</a>
 <LI><a href="#[0]">DefaultISR</a>
 <LI><a href="#[69]">ERM0_MULTI_BIT_DriverIRQHandler</a>
 <LI><a href="#[68]">ERM0_SINGLE_BIT_DriverIRQHandler</a>
 <LI><a href="#[8b]">FLEXPWM0_FAULT_DriverIRQHandler</a>
 <LI><a href="#[8a]">FLEXPWM0_RELOAD_ERROR_DriverIRQHandler</a>
 <LI><a href="#[8c]">FLEXPWM0_SUBMODULE0_DriverIRQHandler</a>
 <LI><a href="#[8d]">FLEXPWM0_SUBMODULE1_DriverIRQHandler</a>
 <LI><a href="#[8e]">FLEXPWM0_SUBMODULE2_DriverIRQHandler</a>
 <LI><a href="#[6a]">FMU0_DriverIRQHandler</a>
 <LI><a href="#[94]">FREQME0_DriverIRQHandler</a>
 <LI><a href="#[6b]">GLIKEY0_DriverIRQHandler</a>
 <LI><a href="#[a5]">GPIO0_DriverIRQHandler</a>
 <LI><a href="#[a6]">GPIO1_DriverIRQHandler</a>
 <LI><a href="#[a7]">GPIO2_DriverIRQHandler</a>
 <LI><a href="#[a8]">GPIO3_DriverIRQHandler</a>
 <LI><a href="#[7a]">LPSPI0_DriverIRQHandler</a>
 <LI><a href="#[7b]">LPSPI1_DriverIRQHandler</a>
 <LI><a href="#[95]">LPTMR0_DriverIRQHandler</a>
 <LI><a href="#[6c]">MBC0_DriverIRQHandler</a>
 <LI><a href="#[90]">QDC0_COMPARE_DriverIRQHandler</a>
 <LI><a href="#[91]">QDC0_HOME_DriverIRQHandler</a>
 <LI><a href="#[93]">QDC0_INDEX_DriverIRQHandler</a>
 <LI><a href="#[92]">QDC0_WATCHDOG_DriverIRQHandler</a>
 <LI><a href="#[5e]">Reserved16_DriverIRQHandler</a>
 <LI><a href="#[64]">Reserved22_DriverIRQHandler</a>
 <LI><a href="#[65]">Reserved23_DriverIRQHandler</a>
 <LI><a href="#[66]">Reserved24_DriverIRQHandler</a>
 <LI><a href="#[67]">Reserved25_DriverIRQHandler</a>
 <LI><a href="#[6f]">Reserved33_DriverIRQHandler</a>
 <LI><a href="#[71]">Reserved35_DriverIRQHandler</a>
 <LI><a href="#[72]">Reserved36_DriverIRQHandler</a>
 <LI><a href="#[73]">Reserved37_DriverIRQHandler</a>
 <LI><a href="#[74]">Reserved38_DriverIRQHandler</a>
 <LI><a href="#[75]">Reserved39_DriverIRQHandler</a>
 <LI><a href="#[77]">Reserved41_DriverIRQHandler</a>
 <LI><a href="#[79]">Reserved43_DriverIRQHandler</a>
 <LI><a href="#[7c]">Reserved46_DriverIRQHandler</a>
 <LI><a href="#[80]">Reserved50_DriverIRQHandler</a>
 <LI><a href="#[81]">Reserved51_DriverIRQHandler</a>
 <LI><a href="#[83]">Reserved53_DriverIRQHandler</a>
 <LI><a href="#[88]">Reserved58_DriverIRQHandler</a>
 <LI><a href="#[89]">Reserved59_DriverIRQHandler</a>
 <LI><a href="#[8f]">Reserved65_DriverIRQHandler</a>
 <LI><a href="#[96]">Reserved72_DriverIRQHandler</a>
 <LI><a href="#[9b]">Reserved77_DriverIRQHandler</a>
 <LI><a href="#[9d]">Reserved79_DriverIRQHandler</a>
 <LI><a href="#[a0]">Reserved82_DriverIRQHandler</a>
 <LI><a href="#[a1]">Reserved83_DriverIRQHandler</a>
 <LI><a href="#[a2]">Reserved84_DriverIRQHandler</a>
 <LI><a href="#[a3]">Reserved85_DriverIRQHandler</a>
 <LI><a href="#[a4]">Reserved86_DriverIRQHandler</a>
 <LI><a href="#[a9]">Reserved91_DriverIRQHandler</a>
 <LI><a href="#[aa]">Reserved92_DriverIRQHandler</a>
 <LI><a href="#[ab]">Reserved93_DriverIRQHandler</a>
 <LI><a href="#[ac]">Reserved94_DriverIRQHandler</a>
 <LI><a href="#[ad]">Reserved95_DriverIRQHandler</a>
 <LI><a href="#[6d]">SCG0_DriverIRQHandler</a>
 <LI><a href="#[6e]">SPC0_DriverIRQHandler</a>
 <LI><a href="#[7]">SecureFault_Handler</a>
 <LI><a href="#[82]">USB0_DriverIRQHandler</a>
 <LI><a href="#[6]">UsageFault_Handler</a>
 <LI><a href="#[70]">WUU0_DriverIRQHandler</a>
 <LI><a href="#[9a]">WWDT0_DriverIRQHandler</a>
 <LI><a href="#[2]">NMI_Handler</a>
 <LI><a href="#[c]">Reserved16_IRQHandler</a>
 <LI><a href="#[d]">CMC_IRQHandler</a>
 <LI><a href="#[e]">DMA_CH0_IRQHandler</a>
 <LI><a href="#[f]">DMA_CH1_IRQHandler</a>
 <LI><a href="#[11]">DMA_CH3_IRQHandler</a>
 <LI><a href="#[12]">Reserved22_IRQHandler</a>
 <LI><a href="#[13]">Reserved23_IRQHandler</a>
 <LI><a href="#[14]">Reserved24_IRQHandler</a>
 <LI><a href="#[15]">Reserved25_IRQHandler</a>
 <LI><a href="#[16]">ERM0_SINGLE_BIT_IRQHandler</a>
 <LI><a href="#[17]">ERM0_MULTI_BIT_IRQHandler</a>
 <LI><a href="#[18]">FMU0_IRQHandler</a>
 <LI><a href="#[19]">GLIKEY0_IRQHandler</a>
 <LI><a href="#[1a]">MBC0_IRQHandler</a>
 <LI><a href="#[1b]">SCG0_IRQHandler</a>
 <LI><a href="#[1c]">SPC0_IRQHandler</a>
 <LI><a href="#[1d]">Reserved33_IRQHandler</a>
 <LI><a href="#[1e]">WUU0_IRQHandler</a>
 <LI><a href="#[1f]">Reserved35_IRQHandler</a>
 <LI><a href="#[20]">Reserved36_IRQHandler</a>
 <LI><a href="#[21]">Reserved37_IRQHandler</a>
 <LI><a href="#[22]">Reserved38_IRQHandler</a>
 <LI><a href="#[23]">Reserved39_IRQHandler</a>
 <LI><a href="#[24]">I3C0_IRQHandler</a>
 <LI><a href="#[25]">Reserved41_IRQHandler</a>
 <LI><a href="#[26]">LPI2C0_IRQHandler</a>
 <LI><a href="#[27]">Reserved43_IRQHandler</a>
 <LI><a href="#[28]">LPSPI0_IRQHandler</a>
 <LI><a href="#[29]">LPSPI1_IRQHandler</a>
 <LI><a href="#[2a]">Reserved46_IRQHandler</a>
 <LI><a href="#[2c]">LPUART1_IRQHandler</a>
 <LI><a href="#[2d]">LPUART2_IRQHandler</a>
 <LI><a href="#[2e]">Reserved50_IRQHandler</a>
 <LI><a href="#[2f]">Reserved51_IRQHandler</a>
 <LI><a href="#[30]">USB0_IRQHandler</a>
 <LI><a href="#[31]">Reserved53_IRQHandler</a>
 <LI><a href="#[32]">CDOG0_IRQHandler</a>
 <LI><a href="#[33]">CTIMER0_IRQHandler</a>
 <LI><a href="#[34]">CTIMER1_IRQHandler</a>
 <LI><a href="#[35]">CTIMER2_IRQHandler</a>
 <LI><a href="#[36]">Reserved58_IRQHandler</a>
 <LI><a href="#[37]">Reserved59_IRQHandler</a>
 <LI><a href="#[38]">FLEXPWM0_RELOAD_ERROR_IRQHandler</a>
 <LI><a href="#[39]">FLEXPWM0_FAULT_IRQHandler</a>
 <LI><a href="#[3a]">FLEXPWM0_SUBMODULE0_IRQHandler</a>
 <LI><a href="#[3b]">FLEXPWM0_SUBMODULE1_IRQHandler</a>
 <LI><a href="#[3c]">FLEXPWM0_SUBMODULE2_IRQHandler</a>
 <LI><a href="#[3d]">Reserved65_IRQHandler</a>
 <LI><a href="#[3e]">QDC0_COMPARE_IRQHandler</a>
 <LI><a href="#[3f]">QDC0_HOME_IRQHandler</a>
 <LI><a href="#[40]">QDC0_WATCHDOG_IRQHandler</a>
 <LI><a href="#[41]">QDC0_INDEX_IRQHandler</a>
 <LI><a href="#[42]">FREQME0_IRQHandler</a>
 <LI><a href="#[43]">LPTMR0_IRQHandler</a>
 <LI><a href="#[44]">Reserved72_IRQHandler</a>
 <LI><a href="#[45]">OS_EVENT_IRQHandler</a>
 <LI><a href="#[46]">WAKETIMER0_IRQHandler</a>
 <LI><a href="#[47]">UTICK0_IRQHandler</a>
 <LI><a href="#[48]">WWDT0_IRQHandler</a>
 <LI><a href="#[49]">Reserved77_IRQHandler</a>
 <LI><a href="#[4a]">ADC0_IRQHandler</a>
 <LI><a href="#[4b]">Reserved79_IRQHandler</a>
 <LI><a href="#[4c]">CMP0_IRQHandler</a>
 <LI><a href="#[4d]">CMP1_IRQHandler</a>
 <LI><a href="#[4e]">Reserved82_IRQHandler</a>
 <LI><a href="#[4f]">Reserved83_IRQHandler</a>
 <LI><a href="#[50]">Reserved84_IRQHandler</a>
 <LI><a href="#[51]">Reserved85_IRQHandler</a>
 <LI><a href="#[52]">Reserved86_IRQHandler</a>
 <LI><a href="#[57]">Reserved91_IRQHandler</a>
 <LI><a href="#[58]">Reserved92_IRQHandler</a>
 <LI><a href="#[59]">Reserved93_IRQHandler</a>
 <LI><a href="#[5a]">Reserved94_IRQHandler</a>
 <LI><a href="#[5b]">Reserved95_IRQHandler</a>
</UL>
</UL>
<P>
<H3>
Mutually Recursive functions
</H3> <LI><a href="#[146]">rt_assert_handler</a>&nbsp;&nbsp;&nbsp;&rArr;&nbsp;&nbsp;&nbsp;<a href="#[11f]">rt_kprintf</a><BR>
 <LI><a href="#[179]">rt_backtrace_frame</a>&nbsp;&nbsp;&nbsp;&rArr;&nbsp;&nbsp;&nbsp;<a href="#[11f]">rt_kprintf</a><BR>
 <LI><a href="#[15a]">rt_thread_suspend_to_list</a>&nbsp;&nbsp;&nbsp;&rArr;&nbsp;&nbsp;&nbsp;<a href="#[158]">rt_object_get_type</a><BR>
 <LI><a href="#[1f5]">rt_sched_remove_thread</a>&nbsp;&nbsp;&nbsp;&rArr;&nbsp;&nbsp;&nbsp;<a href="#[146]">rt_assert_handler</a><BR>
 <LI><a href="#[162]">rt_schedule</a>&nbsp;&nbsp;&nbsp;&rArr;&nbsp;&nbsp;&nbsp;<a href="#[146]">rt_assert_handler</a><BR>
 <LI><a href="#[1fd]">rt_scheduler_stack_check</a>&nbsp;&nbsp;&nbsp;&rArr;&nbsp;&nbsp;&nbsp;<a href="#[146]">rt_assert_handler</a><BR>
 <LI><a href="#[171]">rt_sched_insert_thread</a>&nbsp;&nbsp;&nbsp;&rArr;&nbsp;&nbsp;&nbsp;<a href="#[146]">rt_assert_handler</a><BR>
 <LI><a href="#[1f8]">rt_timer_stop</a>&nbsp;&nbsp;&nbsp;&rArr;&nbsp;&nbsp;&nbsp;<a href="#[158]">rt_object_get_type</a><BR>
 <LI><a href="#[205]">rt_susp_list_enqueue</a>&nbsp;&nbsp;&nbsp;&rArr;&nbsp;&nbsp;&nbsp;<a href="#[146]">rt_assert_handler</a><BR>
 <LI><a href="#[161]">rt_timer_start</a>&nbsp;&nbsp;&nbsp;&rArr;&nbsp;&nbsp;&nbsp;<a href="#[158]">rt_object_get_type</a><BR>
 <LI><a href="#[160]">rt_timer_control</a>&nbsp;&nbsp;&nbsp;&rArr;&nbsp;&nbsp;&nbsp;<a href="#[158]">rt_object_get_type</a><BR>
 <LI><a href="#[155]">_rt_mutex_take</a>&nbsp;&nbsp;&nbsp;&rArr;&nbsp;&nbsp;&nbsp;<a href="#[158]">rt_object_get_type</a><BR>
 <LI><a href="#[15d]">_thread_update_priority</a>&nbsp;&nbsp;&nbsp;&rArr;&nbsp;&nbsp;&nbsp;<a href="#[158]">rt_object_get_type</a><BR>
 <LI><a href="#[173]">rt_sched_thread_change_priority</a>&nbsp;&nbsp;&nbsp;&rArr;&nbsp;&nbsp;&nbsp;<a href="#[146]">rt_assert_handler</a><BR>
 <LI><a href="#[16b]">rt_mutex_release</a>&nbsp;&nbsp;&nbsp;&rArr;&nbsp;&nbsp;&nbsp;<a href="#[158]">rt_object_get_type</a><BR>
 <LI><a href="#[221]">ulog_voutput</a>&nbsp;&nbsp;&nbsp;&rArr;&nbsp;&nbsp;&nbsp;<a href="#[146]">rt_assert_handler</a><BR>
 <LI><a href="#[1ef]">rt_kputs</a>&nbsp;&nbsp;&nbsp;&rArr;&nbsp;&nbsp;&nbsp;<a href="#[1e0]">rt_device_write</a><BR>
 <LI><a href="#[220]">ulog_hex_formater</a>&nbsp;&nbsp;&nbsp;&rArr;&nbsp;&nbsp;&nbsp;<a href="#[146]">rt_assert_handler</a><BR>
 <LI><a href="#[21f]">ulog_tail_formater</a>&nbsp;&nbsp;&nbsp;&rArr;&nbsp;&nbsp;&nbsp;<a href="#[146]">rt_assert_handler</a><BR>
 <LI><a href="#[21e]">ulog_head_formater</a>&nbsp;&nbsp;&nbsp;&rArr;&nbsp;&nbsp;&nbsp;<a href="#[146]">rt_assert_handler</a><BR>
 <LI><a href="#[21d]">ulog_formater</a>&nbsp;&nbsp;&nbsp;&rArr;&nbsp;&nbsp;&nbsp;<a href="#[146]">rt_assert_handler</a><BR>
</UL>
<P>
<H3>
Function Pointers
</H3><UL>
 <LI><a href="#[9c]">ADC0_DriverIRQHandler</a> from startup_mcxa153.o(.text) referenced from startup_mcxa153.o(.text)
 <LI><a href="#[4a]">ADC0_IRQHandler</a> from startup_mcxa153.o(.text) referenced from startup_mcxa153.o(.isr_vector)
 <LI><a href="#[5]">BusFault_Handler</a> from startup_mcxa153.o(.text) referenced from startup_mcxa153.o(.isr_vector)
 <LI><a href="#[84]">CDOG0_DriverIRQHandler</a> from startup_mcxa153.o(.text) referenced from startup_mcxa153.o(.text)
 <LI><a href="#[32]">CDOG0_IRQHandler</a> from startup_mcxa153.o(.text) referenced from startup_mcxa153.o(.isr_vector)
 <LI><a href="#[5f]">CMC_DriverIRQHandler</a> from startup_mcxa153.o(.text) referenced from startup_mcxa153.o(.text)
 <LI><a href="#[d]">CMC_IRQHandler</a> from startup_mcxa153.o(.text) referenced from startup_mcxa153.o(.isr_vector)
 <LI><a href="#[9e]">CMP0_DriverIRQHandler</a> from startup_mcxa153.o(.text) referenced from startup_mcxa153.o(.text)
 <LI><a href="#[4c]">CMP0_IRQHandler</a> from startup_mcxa153.o(.text) referenced from startup_mcxa153.o(.isr_vector)
 <LI><a href="#[9f]">CMP1_DriverIRQHandler</a> from startup_mcxa153.o(.text) referenced from startup_mcxa153.o(.text)
 <LI><a href="#[4d]">CMP1_IRQHandler</a> from startup_mcxa153.o(.text) referenced from startup_mcxa153.o(.isr_vector)
 <LI><a href="#[85]">CTIMER0_DriverIRQHandler</a> from fsl_ctimer.o(.text.CTIMER0_DriverIRQHandler) referenced from startup_mcxa153.o(.text)
 <LI><a href="#[33]">CTIMER0_IRQHandler</a> from startup_mcxa153.o(.text) referenced from startup_mcxa153.o(.isr_vector)
 <LI><a href="#[86]">CTIMER1_DriverIRQHandler</a> from fsl_ctimer.o(.text.CTIMER1_DriverIRQHandler) referenced from startup_mcxa153.o(.text)
 <LI><a href="#[34]">CTIMER1_IRQHandler</a> from startup_mcxa153.o(.text) referenced from startup_mcxa153.o(.isr_vector)
 <LI><a href="#[87]">CTIMER2_DriverIRQHandler</a> from fsl_ctimer.o(.text.CTIMER2_DriverIRQHandler) referenced from startup_mcxa153.o(.text)
 <LI><a href="#[35]">CTIMER2_IRQHandler</a> from startup_mcxa153.o(.text) referenced from startup_mcxa153.o(.isr_vector)
 <LI><a href="#[60]">DMA_CH0_DriverIRQHandler</a> from fsl_edma_soc.o(.text.DMA_CH0_DriverIRQHandler) referenced from startup_mcxa153.o(.text)
 <LI><a href="#[e]">DMA_CH0_IRQHandler</a> from startup_mcxa153.o(.text) referenced from startup_mcxa153.o(.isr_vector)
 <LI><a href="#[61]">DMA_CH1_DriverIRQHandler</a> from fsl_edma_soc.o(.text.DMA_CH1_DriverIRQHandler) referenced from startup_mcxa153.o(.text)
 <LI><a href="#[f]">DMA_CH1_IRQHandler</a> from startup_mcxa153.o(.text) referenced from startup_mcxa153.o(.isr_vector)
 <LI><a href="#[62]">DMA_CH2_DriverIRQHandler</a> from fsl_edma_soc.o(.text.DMA_CH2_DriverIRQHandler) referenced from startup_mcxa153.o(.text)
 <LI><a href="#[10]">DMA_CH2_IRQHandler</a> from app_adc_dma.o(.text.DMA_CH2_IRQHandler) referenced from startup_mcxa153.o(.isr_vector)
 <LI><a href="#[63]">DMA_CH3_DriverIRQHandler</a> from fsl_edma_soc.o(.text.DMA_CH3_DriverIRQHandler) referenced from startup_mcxa153.o(.text)
 <LI><a href="#[11]">DMA_CH3_IRQHandler</a> from startup_mcxa153.o(.text) referenced from startup_mcxa153.o(.isr_vector)
 <LI><a href="#[9]">DebugMon_Handler</a> from startup_mcxa153.o(.text) referenced from startup_mcxa153.o(.isr_vector)
 <LI><a href="#[0]">DefaultISR</a> from startup_mcxa153.o(.text) referenced 6 times from fsl_lpuart.o(.data.s_lpuartIsr)
 <LI><a href="#[0]">DefaultISR</a> from startup_mcxa153.o(.text) referenced 2 times from fsl_ostimer.o(.data.s_ostimerIsr)
 <LI><a href="#[0]">DefaultISR</a> from startup_mcxa153.o(.text) referenced 2 times from fsl_utick.o(.data.s_utickIsr)
 <LI><a href="#[69]">ERM0_MULTI_BIT_DriverIRQHandler</a> from startup_mcxa153.o(.text) referenced from startup_mcxa153.o(.text)
 <LI><a href="#[17]">ERM0_MULTI_BIT_IRQHandler</a> from startup_mcxa153.o(.text) referenced from startup_mcxa153.o(.isr_vector)
 <LI><a href="#[68]">ERM0_SINGLE_BIT_DriverIRQHandler</a> from startup_mcxa153.o(.text) referenced from startup_mcxa153.o(.text)
 <LI><a href="#[16]">ERM0_SINGLE_BIT_IRQHandler</a> from startup_mcxa153.o(.text) referenced from startup_mcxa153.o(.isr_vector)
 <LI><a href="#[8b]">FLEXPWM0_FAULT_DriverIRQHandler</a> from startup_mcxa153.o(.text) referenced from startup_mcxa153.o(.text)
 <LI><a href="#[39]">FLEXPWM0_FAULT_IRQHandler</a> from startup_mcxa153.o(.text) referenced from startup_mcxa153.o(.isr_vector)
 <LI><a href="#[8a]">FLEXPWM0_RELOAD_ERROR_DriverIRQHandler</a> from startup_mcxa153.o(.text) referenced from startup_mcxa153.o(.text)
 <LI><a href="#[38]">FLEXPWM0_RELOAD_ERROR_IRQHandler</a> from startup_mcxa153.o(.text) referenced from startup_mcxa153.o(.isr_vector)
 <LI><a href="#[8c]">FLEXPWM0_SUBMODULE0_DriverIRQHandler</a> from startup_mcxa153.o(.text) referenced from startup_mcxa153.o(.text)
 <LI><a href="#[3a]">FLEXPWM0_SUBMODULE0_IRQHandler</a> from startup_mcxa153.o(.text) referenced from startup_mcxa153.o(.isr_vector)
 <LI><a href="#[8d]">FLEXPWM0_SUBMODULE1_DriverIRQHandler</a> from startup_mcxa153.o(.text) referenced from startup_mcxa153.o(.text)
 <LI><a href="#[3b]">FLEXPWM0_SUBMODULE1_IRQHandler</a> from startup_mcxa153.o(.text) referenced from startup_mcxa153.o(.isr_vector)
 <LI><a href="#[8e]">FLEXPWM0_SUBMODULE2_DriverIRQHandler</a> from startup_mcxa153.o(.text) referenced from startup_mcxa153.o(.text)
 <LI><a href="#[3c]">FLEXPWM0_SUBMODULE2_IRQHandler</a> from startup_mcxa153.o(.text) referenced from startup_mcxa153.o(.isr_vector)
 <LI><a href="#[6a]">FMU0_DriverIRQHandler</a> from startup_mcxa153.o(.text) referenced from startup_mcxa153.o(.text)
 <LI><a href="#[18]">FMU0_IRQHandler</a> from startup_mcxa153.o(.text) referenced from startup_mcxa153.o(.isr_vector)
 <LI><a href="#[94]">FREQME0_DriverIRQHandler</a> from startup_mcxa153.o(.text) referenced from startup_mcxa153.o(.text)
 <LI><a href="#[42]">FREQME0_IRQHandler</a> from startup_mcxa153.o(.text) referenced from startup_mcxa153.o(.isr_vector)
 <LI><a href="#[6b]">GLIKEY0_DriverIRQHandler</a> from startup_mcxa153.o(.text) referenced from startup_mcxa153.o(.text)
 <LI><a href="#[19]">GLIKEY0_IRQHandler</a> from startup_mcxa153.o(.text) referenced from startup_mcxa153.o(.isr_vector)
 <LI><a href="#[a5]">GPIO0_DriverIRQHandler</a> from startup_mcxa153.o(.text) referenced from startup_mcxa153.o(.text)
 <LI><a href="#[53]">GPIO0_IRQHandler</a> from drv_pin.o(.text.GPIO0_IRQHandler) referenced from startup_mcxa153.o(.isr_vector)
 <LI><a href="#[a6]">GPIO1_DriverIRQHandler</a> from startup_mcxa153.o(.text) referenced from startup_mcxa153.o(.text)
 <LI><a href="#[54]">GPIO1_IRQHandler</a> from drv_pin.o(.text.GPIO1_IRQHandler) referenced from startup_mcxa153.o(.isr_vector)
 <LI><a href="#[a7]">GPIO2_DriverIRQHandler</a> from startup_mcxa153.o(.text) referenced from startup_mcxa153.o(.text)
 <LI><a href="#[55]">GPIO2_IRQHandler</a> from drv_pin.o(.text.GPIO2_IRQHandler) referenced from startup_mcxa153.o(.isr_vector)
 <LI><a href="#[a8]">GPIO3_DriverIRQHandler</a> from startup_mcxa153.o(.text) referenced from startup_mcxa153.o(.text)
 <LI><a href="#[56]">GPIO3_IRQHandler</a> from drv_pin.o(.text.GPIO3_IRQHandler) referenced from startup_mcxa153.o(.isr_vector)
 <LI><a href="#[3]">HardFault_Handler</a> from context_rvds.o(.text) referenced from startup_mcxa153.o(.isr_vector)
 <LI><a href="#[3]">HardFault_Handler</a> from context_rvds.o(.text) referenced from startup_mcxa153.o(.text)
 <LI><a href="#[76]">I3C0_DriverIRQHandler</a> from fsl_i3c.o(.text.I3C0_DriverIRQHandler) referenced from startup_mcxa153.o(.text)
 <LI><a href="#[24]">I3C0_IRQHandler</a> from startup_mcxa153.o(.text) referenced from startup_mcxa153.o(.isr_vector)
 <LI><a href="#[78]">LPI2C0_DriverIRQHandler</a> from fsl_lpi2c.o(.text.LPI2C0_DriverIRQHandler) referenced from startup_mcxa153.o(.text)
 <LI><a href="#[26]">LPI2C0_IRQHandler</a> from startup_mcxa153.o(.text) referenced from startup_mcxa153.o(.isr_vector)
 <LI><a href="#[7a]">LPSPI0_DriverIRQHandler</a> from startup_mcxa153.o(.text) referenced from startup_mcxa153.o(.text)
 <LI><a href="#[28]">LPSPI0_IRQHandler</a> from startup_mcxa153.o(.text) referenced from startup_mcxa153.o(.isr_vector)
 <LI><a href="#[7b]">LPSPI1_DriverIRQHandler</a> from startup_mcxa153.o(.text) referenced from startup_mcxa153.o(.text)
 <LI><a href="#[29]">LPSPI1_IRQHandler</a> from startup_mcxa153.o(.text) referenced from startup_mcxa153.o(.isr_vector)
 <LI><a href="#[95]">LPTMR0_DriverIRQHandler</a> from startup_mcxa153.o(.text) referenced from startup_mcxa153.o(.text)
 <LI><a href="#[43]">LPTMR0_IRQHandler</a> from startup_mcxa153.o(.text) referenced from startup_mcxa153.o(.isr_vector)
 <LI><a href="#[7d]">LPUART0_DriverIRQHandler</a> from fsl_lpuart.o(.text.LPUART0_DriverIRQHandler) referenced from startup_mcxa153.o(.text)
 <LI><a href="#[2b]">LPUART0_IRQHandler</a> from drv_uart.o(.text.LPUART0_IRQHandler) referenced from startup_mcxa153.o(.isr_vector)
 <LI><a href="#[7e]">LPUART1_DriverIRQHandler</a> from fsl_lpuart.o(.text.LPUART1_DriverIRQHandler) referenced from startup_mcxa153.o(.text)
 <LI><a href="#[2c]">LPUART1_IRQHandler</a> from startup_mcxa153.o(.text) referenced from startup_mcxa153.o(.isr_vector)
 <LI><a href="#[7f]">LPUART2_DriverIRQHandler</a> from fsl_lpuart.o(.text.LPUART2_DriverIRQHandler) referenced from startup_mcxa153.o(.text)
 <LI><a href="#[2d]">LPUART2_IRQHandler</a> from startup_mcxa153.o(.text) referenced from startup_mcxa153.o(.isr_vector)
 <LI><a href="#[6c]">MBC0_DriverIRQHandler</a> from startup_mcxa153.o(.text) referenced from startup_mcxa153.o(.text)
 <LI><a href="#[1a]">MBC0_IRQHandler</a> from startup_mcxa153.o(.text) referenced from startup_mcxa153.o(.isr_vector)
 <LI><a href="#[4]">MemManage_Handler</a> from board.o(.text.MemManage_Handler) referenced from startup_mcxa153.o(.isr_vector)
 <LI><a href="#[2]">NMI_Handler</a> from startup_mcxa153.o(.text) referenced from startup_mcxa153.o(.isr_vector)
 <LI><a href="#[2]">NMI_Handler</a> from startup_mcxa153.o(.text) referenced from startup_mcxa153.o(.text)
 <LI><a href="#[97]">OS_EVENT_DriverIRQHandler</a> from fsl_ostimer.o(.text.OS_EVENT_DriverIRQHandler) referenced from startup_mcxa153.o(.text)
 <LI><a href="#[45]">OS_EVENT_IRQHandler</a> from startup_mcxa153.o(.text) referenced from startup_mcxa153.o(.isr_vector)
 <LI><a href="#[a]">PendSV_Handler</a> from context_rvds.o(.text) referenced from startup_mcxa153.o(.isr_vector)
 <LI><a href="#[a]">PendSV_Handler</a> from context_rvds.o(.text) referenced from startup_mcxa153.o(.text)
 <LI><a href="#[90]">QDC0_COMPARE_DriverIRQHandler</a> from startup_mcxa153.o(.text) referenced from startup_mcxa153.o(.text)
 <LI><a href="#[3e]">QDC0_COMPARE_IRQHandler</a> from startup_mcxa153.o(.text) referenced from startup_mcxa153.o(.isr_vector)
 <LI><a href="#[91]">QDC0_HOME_DriverIRQHandler</a> from startup_mcxa153.o(.text) referenced from startup_mcxa153.o(.text)
 <LI><a href="#[3f]">QDC0_HOME_IRQHandler</a> from startup_mcxa153.o(.text) referenced from startup_mcxa153.o(.isr_vector)
 <LI><a href="#[93]">QDC0_INDEX_DriverIRQHandler</a> from startup_mcxa153.o(.text) referenced from startup_mcxa153.o(.text)
 <LI><a href="#[41]">QDC0_INDEX_IRQHandler</a> from startup_mcxa153.o(.text) referenced from startup_mcxa153.o(.isr_vector)
 <LI><a href="#[92]">QDC0_WATCHDOG_DriverIRQHandler</a> from startup_mcxa153.o(.text) referenced from startup_mcxa153.o(.text)
 <LI><a href="#[40]">QDC0_WATCHDOG_IRQHandler</a> from startup_mcxa153.o(.text) referenced from startup_mcxa153.o(.isr_vector)
 <LI><a href="#[5e]">Reserved16_DriverIRQHandler</a> from startup_mcxa153.o(.text) referenced from startup_mcxa153.o(.text)
 <LI><a href="#[c]">Reserved16_IRQHandler</a> from startup_mcxa153.o(.text) referenced from startup_mcxa153.o(.isr_vector)
 <LI><a href="#[64]">Reserved22_DriverIRQHandler</a> from startup_mcxa153.o(.text) referenced from startup_mcxa153.o(.text)
 <LI><a href="#[12]">Reserved22_IRQHandler</a> from startup_mcxa153.o(.text) referenced from startup_mcxa153.o(.isr_vector)
 <LI><a href="#[65]">Reserved23_DriverIRQHandler</a> from startup_mcxa153.o(.text) referenced from startup_mcxa153.o(.text)
 <LI><a href="#[13]">Reserved23_IRQHandler</a> from startup_mcxa153.o(.text) referenced from startup_mcxa153.o(.isr_vector)
 <LI><a href="#[66]">Reserved24_DriverIRQHandler</a> from startup_mcxa153.o(.text) referenced from startup_mcxa153.o(.text)
 <LI><a href="#[14]">Reserved24_IRQHandler</a> from startup_mcxa153.o(.text) referenced from startup_mcxa153.o(.isr_vector)
 <LI><a href="#[67]">Reserved25_DriverIRQHandler</a> from startup_mcxa153.o(.text) referenced from startup_mcxa153.o(.text)
 <LI><a href="#[15]">Reserved25_IRQHandler</a> from startup_mcxa153.o(.text) referenced from startup_mcxa153.o(.isr_vector)
 <LI><a href="#[6f]">Reserved33_DriverIRQHandler</a> from startup_mcxa153.o(.text) referenced from startup_mcxa153.o(.text)
 <LI><a href="#[1d]">Reserved33_IRQHandler</a> from startup_mcxa153.o(.text) referenced from startup_mcxa153.o(.isr_vector)
 <LI><a href="#[71]">Reserved35_DriverIRQHandler</a> from startup_mcxa153.o(.text) referenced from startup_mcxa153.o(.text)
 <LI><a href="#[1f]">Reserved35_IRQHandler</a> from startup_mcxa153.o(.text) referenced from startup_mcxa153.o(.isr_vector)
 <LI><a href="#[72]">Reserved36_DriverIRQHandler</a> from startup_mcxa153.o(.text) referenced from startup_mcxa153.o(.text)
 <LI><a href="#[20]">Reserved36_IRQHandler</a> from startup_mcxa153.o(.text) referenced from startup_mcxa153.o(.isr_vector)
 <LI><a href="#[73]">Reserved37_DriverIRQHandler</a> from startup_mcxa153.o(.text) referenced from startup_mcxa153.o(.text)
 <LI><a href="#[21]">Reserved37_IRQHandler</a> from startup_mcxa153.o(.text) referenced from startup_mcxa153.o(.isr_vector)
 <LI><a href="#[74]">Reserved38_DriverIRQHandler</a> from startup_mcxa153.o(.text) referenced from startup_mcxa153.o(.text)
 <LI><a href="#[22]">Reserved38_IRQHandler</a> from startup_mcxa153.o(.text) referenced from startup_mcxa153.o(.isr_vector)
 <LI><a href="#[75]">Reserved39_DriverIRQHandler</a> from startup_mcxa153.o(.text) referenced from startup_mcxa153.o(.text)
 <LI><a href="#[23]">Reserved39_IRQHandler</a> from startup_mcxa153.o(.text) referenced from startup_mcxa153.o(.isr_vector)
 <LI><a href="#[77]">Reserved41_DriverIRQHandler</a> from startup_mcxa153.o(.text) referenced from startup_mcxa153.o(.text)
 <LI><a href="#[25]">Reserved41_IRQHandler</a> from startup_mcxa153.o(.text) referenced from startup_mcxa153.o(.isr_vector)
 <LI><a href="#[79]">Reserved43_DriverIRQHandler</a> from startup_mcxa153.o(.text) referenced from startup_mcxa153.o(.text)
 <LI><a href="#[27]">Reserved43_IRQHandler</a> from startup_mcxa153.o(.text) referenced from startup_mcxa153.o(.isr_vector)
 <LI><a href="#[7c]">Reserved46_DriverIRQHandler</a> from startup_mcxa153.o(.text) referenced from startup_mcxa153.o(.text)
 <LI><a href="#[2a]">Reserved46_IRQHandler</a> from startup_mcxa153.o(.text) referenced from startup_mcxa153.o(.isr_vector)
 <LI><a href="#[80]">Reserved50_DriverIRQHandler</a> from startup_mcxa153.o(.text) referenced from startup_mcxa153.o(.text)
 <LI><a href="#[2e]">Reserved50_IRQHandler</a> from startup_mcxa153.o(.text) referenced from startup_mcxa153.o(.isr_vector)
 <LI><a href="#[81]">Reserved51_DriverIRQHandler</a> from startup_mcxa153.o(.text) referenced from startup_mcxa153.o(.text)
 <LI><a href="#[2f]">Reserved51_IRQHandler</a> from startup_mcxa153.o(.text) referenced from startup_mcxa153.o(.isr_vector)
 <LI><a href="#[83]">Reserved53_DriverIRQHandler</a> from startup_mcxa153.o(.text) referenced from startup_mcxa153.o(.text)
 <LI><a href="#[31]">Reserved53_IRQHandler</a> from startup_mcxa153.o(.text) referenced from startup_mcxa153.o(.isr_vector)
 <LI><a href="#[88]">Reserved58_DriverIRQHandler</a> from startup_mcxa153.o(.text) referenced from startup_mcxa153.o(.text)
 <LI><a href="#[36]">Reserved58_IRQHandler</a> from startup_mcxa153.o(.text) referenced from startup_mcxa153.o(.isr_vector)
 <LI><a href="#[89]">Reserved59_DriverIRQHandler</a> from startup_mcxa153.o(.text) referenced from startup_mcxa153.o(.text)
 <LI><a href="#[37]">Reserved59_IRQHandler</a> from startup_mcxa153.o(.text) referenced from startup_mcxa153.o(.isr_vector)
 <LI><a href="#[8f]">Reserved65_DriverIRQHandler</a> from startup_mcxa153.o(.text) referenced from startup_mcxa153.o(.text)
 <LI><a href="#[3d]">Reserved65_IRQHandler</a> from startup_mcxa153.o(.text) referenced from startup_mcxa153.o(.isr_vector)
 <LI><a href="#[96]">Reserved72_DriverIRQHandler</a> from startup_mcxa153.o(.text) referenced from startup_mcxa153.o(.text)
 <LI><a href="#[44]">Reserved72_IRQHandler</a> from startup_mcxa153.o(.text) referenced from startup_mcxa153.o(.isr_vector)
 <LI><a href="#[9b]">Reserved77_DriverIRQHandler</a> from startup_mcxa153.o(.text) referenced from startup_mcxa153.o(.text)
 <LI><a href="#[49]">Reserved77_IRQHandler</a> from startup_mcxa153.o(.text) referenced from startup_mcxa153.o(.isr_vector)
 <LI><a href="#[9d]">Reserved79_DriverIRQHandler</a> from startup_mcxa153.o(.text) referenced from startup_mcxa153.o(.text)
 <LI><a href="#[4b]">Reserved79_IRQHandler</a> from startup_mcxa153.o(.text) referenced from startup_mcxa153.o(.isr_vector)
 <LI><a href="#[a0]">Reserved82_DriverIRQHandler</a> from startup_mcxa153.o(.text) referenced from startup_mcxa153.o(.text)
 <LI><a href="#[4e]">Reserved82_IRQHandler</a> from startup_mcxa153.o(.text) referenced from startup_mcxa153.o(.isr_vector)
 <LI><a href="#[a1]">Reserved83_DriverIRQHandler</a> from startup_mcxa153.o(.text) referenced from startup_mcxa153.o(.text)
 <LI><a href="#[4f]">Reserved83_IRQHandler</a> from startup_mcxa153.o(.text) referenced from startup_mcxa153.o(.isr_vector)
 <LI><a href="#[a2]">Reserved84_DriverIRQHandler</a> from startup_mcxa153.o(.text) referenced from startup_mcxa153.o(.text)
 <LI><a href="#[50]">Reserved84_IRQHandler</a> from startup_mcxa153.o(.text) referenced from startup_mcxa153.o(.isr_vector)
 <LI><a href="#[a3]">Reserved85_DriverIRQHandler</a> from startup_mcxa153.o(.text) referenced from startup_mcxa153.o(.text)
 <LI><a href="#[51]">Reserved85_IRQHandler</a> from startup_mcxa153.o(.text) referenced from startup_mcxa153.o(.isr_vector)
 <LI><a href="#[a4]">Reserved86_DriverIRQHandler</a> from startup_mcxa153.o(.text) referenced from startup_mcxa153.o(.text)
 <LI><a href="#[52]">Reserved86_IRQHandler</a> from startup_mcxa153.o(.text) referenced from startup_mcxa153.o(.isr_vector)
 <LI><a href="#[a9]">Reserved91_DriverIRQHandler</a> from startup_mcxa153.o(.text) referenced from startup_mcxa153.o(.text)
 <LI><a href="#[57]">Reserved91_IRQHandler</a> from startup_mcxa153.o(.text) referenced from startup_mcxa153.o(.isr_vector)
 <LI><a href="#[aa]">Reserved92_DriverIRQHandler</a> from startup_mcxa153.o(.text) referenced from startup_mcxa153.o(.text)
 <LI><a href="#[58]">Reserved92_IRQHandler</a> from startup_mcxa153.o(.text) referenced from startup_mcxa153.o(.isr_vector)
 <LI><a href="#[ab]">Reserved93_DriverIRQHandler</a> from startup_mcxa153.o(.text) referenced from startup_mcxa153.o(.text)
 <LI><a href="#[59]">Reserved93_IRQHandler</a> from startup_mcxa153.o(.text) referenced from startup_mcxa153.o(.isr_vector)
 <LI><a href="#[ac]">Reserved94_DriverIRQHandler</a> from startup_mcxa153.o(.text) referenced from startup_mcxa153.o(.text)
 <LI><a href="#[5a]">Reserved94_IRQHandler</a> from startup_mcxa153.o(.text) referenced from startup_mcxa153.o(.isr_vector)
 <LI><a href="#[ad]">Reserved95_DriverIRQHandler</a> from startup_mcxa153.o(.text) referenced from startup_mcxa153.o(.text)
 <LI><a href="#[5b]">Reserved95_IRQHandler</a> from startup_mcxa153.o(.text) referenced from startup_mcxa153.o(.isr_vector)
 <LI><a href="#[1]">Reset_Handler</a> from startup_mcxa153.o(.text) referenced from startup_mcxa153.o(.isr_vector)
 <LI><a href="#[6d]">SCG0_DriverIRQHandler</a> from startup_mcxa153.o(.text) referenced from startup_mcxa153.o(.text)
 <LI><a href="#[1b]">SCG0_IRQHandler</a> from startup_mcxa153.o(.text) referenced from startup_mcxa153.o(.isr_vector)
 <LI><a href="#[6e]">SPC0_DriverIRQHandler</a> from startup_mcxa153.o(.text) referenced from startup_mcxa153.o(.text)
 <LI><a href="#[1c]">SPC0_IRQHandler</a> from startup_mcxa153.o(.text) referenced from startup_mcxa153.o(.isr_vector)
 <LI><a href="#[8]">SVC_Handler</a> from syscall_rvds.o(.text) referenced from startup_mcxa153.o(.isr_vector)
 <LI><a href="#[8]">SVC_Handler</a> from syscall_rvds.o(.text) referenced from startup_mcxa153.o(.text)
 <LI><a href="#[7]">SecureFault_Handler</a> from startup_mcxa153.o(.text) referenced from startup_mcxa153.o(.isr_vector)
 <LI><a href="#[b]">SysTick_Handler</a> from board.o(.text.SysTick_Handler) referenced from startup_mcxa153.o(.isr_vector)
 <LI><a href="#[b]">SysTick_Handler</a> from board.o(.text.SysTick_Handler) referenced from startup_mcxa153.o(.text)
 <LI><a href="#[5c]">SystemInit</a> from system_mcxa153.o(.text.SystemInit) referenced from startup_mcxa153.o(.text)
 <LI><a href="#[82]">USB0_DriverIRQHandler</a> from startup_mcxa153.o(.text) referenced from startup_mcxa153.o(.text)
 <LI><a href="#[30]">USB0_IRQHandler</a> from startup_mcxa153.o(.text) referenced from startup_mcxa153.o(.isr_vector)
 <LI><a href="#[99]">UTICK0_DriverIRQHandler</a> from fsl_utick.o(.text.UTICK0_DriverIRQHandler) referenced from startup_mcxa153.o(.text)
 <LI><a href="#[47]">UTICK0_IRQHandler</a> from startup_mcxa153.o(.text) referenced from startup_mcxa153.o(.isr_vector)
 <LI><a href="#[6]">UsageFault_Handler</a> from startup_mcxa153.o(.text) referenced from startup_mcxa153.o(.isr_vector)
 <LI><a href="#[98]">WAKETIMER0_DriverIRQHandler</a> from fsl_waketimer.o(.text.WAKETIMER0_DriverIRQHandler) referenced from startup_mcxa153.o(.text)
 <LI><a href="#[46]">WAKETIMER0_IRQHandler</a> from startup_mcxa153.o(.text) referenced from startup_mcxa153.o(.isr_vector)
 <LI><a href="#[70]">WUU0_DriverIRQHandler</a> from startup_mcxa153.o(.text) referenced from startup_mcxa153.o(.text)
 <LI><a href="#[1e]">WUU0_IRQHandler</a> from startup_mcxa153.o(.text) referenced from startup_mcxa153.o(.isr_vector)
 <LI><a href="#[9a]">WWDT0_DriverIRQHandler</a> from startup_mcxa153.o(.text) referenced from startup_mcxa153.o(.text)
 <LI><a href="#[48]">WWDT0_IRQHandler</a> from startup_mcxa153.o(.text) referenced from startup_mcxa153.o(.isr_vector)
 <LI><a href="#[5d]">__main</a> from __main.o(!!!main) referenced from startup_mcxa153.o(.text)
 <LI><a href="#[ae]">_get_lc_ctype</a> from lc_ctype_c.o(locale$$code) referenced from rt_ctype_table.o(.text)
 <LI><a href="#[d3]">_pin_cmd</a> from dev_pin.o(.text._pin_cmd) referenced from dev_pin.o(FSymTab)
 <LI><a href="#[b3]">_pin_control</a> from dev_pin.o(.text._pin_control) referenced 2 times from dev_pin.o(.text.rt_device_pin_register)
 <LI><a href="#[b1]">_pin_read</a> from dev_pin.o(.text._pin_read) referenced 2 times from dev_pin.o(.text.rt_device_pin_register)
 <LI><a href="#[b2]">_pin_write</a> from dev_pin.o(.text._pin_write) referenced 2 times from dev_pin.o(.text.rt_device_pin_register)
 <LI><a href="#[c1]">_thread_exit</a> from thread.o(.text._thread_exit) referenced 2 times from thread.o(.text.rt_thread_create)
 <LI><a href="#[c1]">_thread_exit</a> from thread.o(.text._thread_exit) referenced 2 times from thread.o(.text.rt_thread_init)
 <LI><a href="#[c2]">_thread_timeout</a> from thread.o(.text._thread_timeout) referenced 2 times from thread.o(.text.rt_thread_create)
 <LI><a href="#[c2]">_thread_timeout</a> from thread.o(.text._thread_timeout) referenced 2 times from thread.o(.text.rt_thread_init)
 <LI><a href="#[c0]">_timer_thread_entry</a> from timer.o(.text._timer_thread_entry) referenced 2 times from timer.o(.text.rt_system_timer_thread_init)
 <LI><a href="#[d7]">clear</a> from cmd.o(.text.clear) referenced from cmd.o(FSymTab)
 <LI><a href="#[da]">cmd_backtrace</a> from kservice.o(.text.cmd_backtrace) referenced from kservice.o(FSymTab)
 <LI><a href="#[d6]">cmd_free</a> from msh.o(.text.cmd_free) referenced from msh.o(FSymTab)
 <LI><a href="#[d9]">cmd_list</a> from cmd.o(.text.cmd_list) referenced from cmd.o(FSymTab)
 <LI><a href="#[d5]">cmd_ps</a> from msh.o(.text.cmd_ps) referenced from msh.o(FSymTab)
 <LI><a href="#[af]">finsh_rx_ind</a> from shell.o(.text.finsh_rx_ind) referenced 2 times from shell.o(.text.finsh_set_device)
 <LI><a href="#[d1]">finsh_system_init</a> from shell.o(.text.finsh_system_init) referenced from shell.o(.rti_fn.6)
 <LI><a href="#[b0]">finsh_thread_entry</a> from shell.o(.text.finsh_thread_entry) referenced 2 times from shell.o(.text.finsh_system_init)
 <LI><a href="#[c3]">idle_thread_entry</a> from idle.o(.text.idle_thread_entry) referenced 2 times from idle.o(.text.rt_thread_idle_init)
 <LI><a href="#[c4]">main_thread_entry</a> from components.o(.text.main_thread_entry) referenced 2 times from components.o(.text.rtthread_startup)
 <LI><a href="#[c6]">mcx_configure</a> from drv_uart.o(.text.mcx_configure) referenced from drv_uart.o(.rodata.mcx_uart_ops)
 <LI><a href="#[c7]">mcx_control</a> from drv_uart.o(.text.mcx_control) referenced from drv_uart.o(.rodata.mcx_uart_ops)
 <LI><a href="#[c9]">mcx_getc</a> from drv_uart.o(.text.mcx_getc) referenced from drv_uart.o(.rodata.mcx_uart_ops)
 <LI><a href="#[b7]">mcx_pin_attach_irq</a> from drv_pin.o(.text.mcx_pin_attach_irq) referenced 2 times from drv_pin.o(.text.rt_hw_pin_init)
 <LI><a href="#[b8]">mcx_pin_detach_irq</a> from drv_pin.o(.text.mcx_pin_detach_irq) referenced 2 times from drv_pin.o(.text.rt_hw_pin_init)
 <LI><a href="#[b9]">mcx_pin_irq_enable</a> from drv_pin.o(.text.mcx_pin_irq_enable) referenced 2 times from drv_pin.o(.text.rt_hw_pin_init)
 <LI><a href="#[b4]">mcx_pin_mode</a> from drv_pin.o(.text.mcx_pin_mode) referenced 2 times from drv_pin.o(.text.rt_hw_pin_init)
 <LI><a href="#[b6]">mcx_pin_read</a> from drv_pin.o(.text.mcx_pin_read) referenced 2 times from drv_pin.o(.text.rt_hw_pin_init)
 <LI><a href="#[b5]">mcx_pin_write</a> from drv_pin.o(.text.mcx_pin_write) referenced 2 times from drv_pin.o(.text.rt_hw_pin_init)
 <LI><a href="#[c8]">mcx_putc</a> from drv_uart.o(.text.mcx_putc) referenced from drv_uart.o(.rodata.mcx_uart_ops)
 <LI><a href="#[d4]">msh_help</a> from msh.o(.text.msh_help) referenced from msh.o(FSymTab)
 <LI><a href="#[cc]">rt_hw_pin_init</a> from drv_pin.o(.text.rt_hw_pin_init) referenced from drv_pin.o(.rti_fn.1)
 <LI><a href="#[cd]">rt_hw_uart_init</a> from drv_uart.o(.text.rt_hw_uart_init) referenced from drv_uart.o(.rti_fn.1)
 <LI><a href="#[bc]">rt_serial_close</a> from dev_serial.o(.text.rt_serial_close) referenced 2 times from dev_serial.o(.text.rt_hw_serial_register)
 <LI><a href="#[bf]">rt_serial_control</a> from dev_serial.o(.text.rt_serial_control) referenced 2 times from dev_serial.o(.text.rt_hw_serial_register)
 <LI><a href="#[ba]">rt_serial_init</a> from dev_serial.o(.text.rt_serial_init) referenced 2 times from dev_serial.o(.text.rt_hw_serial_register)
 <LI><a href="#[bb]">rt_serial_open</a> from dev_serial.o(.text.rt_serial_open) referenced 2 times from dev_serial.o(.text.rt_hw_serial_register)
 <LI><a href="#[bd]">rt_serial_read</a> from dev_serial.o(.text.rt_serial_read) referenced 2 times from dev_serial.o(.text.rt_hw_serial_register)
 <LI><a href="#[be]">rt_serial_write</a> from dev_serial.o(.text.rt_serial_write) referenced 2 times from dev_serial.o(.text.rt_hw_serial_register)
 <LI><a href="#[cf]">rti_board_end</a> from components.o(.text.rti_board_end) referenced from components.o(.rti_fn.1.end)
 <LI><a href="#[cb]">rti_board_start</a> from components.o(.text.rti_board_start) referenced from components.o(.rti_fn.0.end)
 <LI><a href="#[d2]">rti_end</a> from components.o(.text.rti_end) referenced from components.o(.rti_fn.6.end)
 <LI><a href="#[ca]">rti_start</a> from components.o(.text.rti_start) referenced from components.o(.rti_fn.0)
 <LI><a href="#[d0]">ulog_console_backend_init</a> from console_be.o(.text.ulog_console_backend_init) referenced from console_be.o(.rti_fn.2)
 <LI><a href="#[c5]">ulog_console_backend_output</a> from console_be.o(.text.ulog_console_backend_output) referenced 2 times from console_be.o(.text.ulog_console_backend_init)
 <LI><a href="#[ce]">ulog_init</a> from ulog.o(.text.ulog_init) referenced from ulog.o(.rti_fn.1)
 <LI><a href="#[d8]">version</a> from cmd.o(.text.version) referenced from cmd.o(FSymTab)
</UL>
<P>
<H3>
Global Symbols
</H3>
<P><STRONG><a name="[5d]"></a>__main</STRONG> (Thumb, 8 bytes, Stack size 0 bytes, __main.o(!!!main))
<BR><BR>[Calls]<UL><LI><a href="#[dc]">&gt;&gt;</a>&nbsp;&nbsp;&nbsp;__rt_entry
<LI><a href="#[db]">&gt;&gt;</a>&nbsp;&nbsp;&nbsp;__scatterload
</UL>
<BR>[Address Reference Count : 1]<UL><LI> startup_mcxa153.o(.text)
</UL>
<P><STRONG><a name="[db]"></a>__scatterload</STRONG> (Thumb, 0 bytes, Stack size unknown bytes, __scatter.o(!!!scatter))
<BR><BR>[Called By]<UL><LI><a href="#[5d]">&gt;&gt;</a>&nbsp;&nbsp;&nbsp;__main
</UL>

<P><STRONG><a name="[dd]"></a>__scatterload_rt2</STRONG> (Thumb, 84 bytes, Stack size unknown bytes, __scatter.o(!!!scatter), UNUSED)
<BR><BR>[Calls]<UL><LI><a href="#[dc]">&gt;&gt;</a>&nbsp;&nbsp;&nbsp;__rt_entry
</UL>

<P><STRONG><a name="[241]"></a>__scatterload_rt2_thumb_only</STRONG> (Thumb, 0 bytes, Stack size unknown bytes, __scatter.o(!!!scatter), UNUSED)

<P><STRONG><a name="[242]"></a>__scatterload_loop</STRONG> (Thumb, 0 bytes, Stack size unknown bytes, __scatter.o(!!!scatter), UNUSED)

<P><STRONG><a name="[243]"></a>__decompress</STRONG> (Thumb, 58 bytes, Stack size unknown bytes, __dczerorl.o(!!dczerorl), UNUSED)

<P><STRONG><a name="[244]"></a>__decompress0</STRONG> (Thumb, 0 bytes, Stack size unknown bytes, __dczerorl.o(!!dczerorl), UNUSED)

<P><STRONG><a name="[245]"></a>__scatterload_null</STRONG> (Thumb, 2 bytes, Stack size unknown bytes, __scatter.o(!!handler_null), UNUSED)

<P><STRONG><a name="[246]"></a>__scatterload_zeroinit</STRONG> (Thumb, 28 bytes, Stack size unknown bytes, __scatter_zi.o(!!handler_zi), UNUSED)

<P><STRONG><a name="[e2]"></a>__rt_lib_init</STRONG> (Thumb, 0 bytes, Stack size unknown bytes, libinit.o(.ARM.Collect$$libinit$$00000000))
<BR><BR>[Called By]<UL><LI><a href="#[e1]">&gt;&gt;</a>&nbsp;&nbsp;&nbsp;__rt_entry_li
</UL>

<P><STRONG><a name="[247]"></a>__rt_lib_init_fp_1</STRONG> (Thumb, 0 bytes, Stack size unknown bytes, libinit2.o(.ARM.Collect$$libinit$$00000002))

<P><STRONG><a name="[248]"></a>__rt_lib_init_heap_1</STRONG> (Thumb, 0 bytes, Stack size unknown bytes, libinit2.o(.ARM.Collect$$libinit$$0000000C))

<P><STRONG><a name="[de]"></a>__rt_lib_init_lc_common</STRONG> (Thumb, 0 bytes, Stack size unknown bytes, libinit2.o(.ARM.Collect$$libinit$$00000011))
<BR><BR>[Calls]<UL><LI><a href="#[df]">&gt;&gt;</a>&nbsp;&nbsp;&nbsp;__rt_locale
</UL>

<P><STRONG><a name="[249]"></a>__rt_lib_init_preinit_1</STRONG> (Thumb, 0 bytes, Stack size unknown bytes, libinit2.o(.ARM.Collect$$libinit$$00000006))

<P><STRONG><a name="[24a]"></a>__rt_lib_init_rand_1</STRONG> (Thumb, 0 bytes, Stack size unknown bytes, libinit2.o(.ARM.Collect$$libinit$$00000010))

<P><STRONG><a name="[24b]"></a>__rt_lib_init_relocate_pie_1</STRONG> (Thumb, 0 bytes, Stack size unknown bytes, libinit2.o(.ARM.Collect$$libinit$$00000004))

<P><STRONG><a name="[24c]"></a>__rt_lib_init_user_alloc_1</STRONG> (Thumb, 0 bytes, Stack size unknown bytes, libinit2.o(.ARM.Collect$$libinit$$0000000E))

<P><STRONG><a name="[24d]"></a>__rt_lib_init_lc_collate_1</STRONG> (Thumb, 0 bytes, Stack size unknown bytes, libinit2.o(.ARM.Collect$$libinit$$00000013))

<P><STRONG><a name="[e0]"></a>__rt_lib_init_lc_ctype_2</STRONG> (Thumb, 0 bytes, Stack size unknown bytes, libinit2.o(.ARM.Collect$$libinit$$00000014))
<BR><BR>[Stack]<UL><LI>Max Depth = 8 + Unknown Stack Size
<LI>Call Chain = __rt_lib_init_lc_ctype_2 &rArr; _get_lc_ctype
</UL>
<BR>[Calls]<UL><LI><a href="#[ae]">&gt;&gt;</a>&nbsp;&nbsp;&nbsp;_get_lc_ctype
</UL>

<P><STRONG><a name="[24e]"></a>__rt_lib_init_alloca_1</STRONG> (Thumb, 0 bytes, Stack size unknown bytes, libinit2.o(.ARM.Collect$$libinit$$00000030))

<P><STRONG><a name="[24f]"></a>__rt_lib_init_argv_1</STRONG> (Thumb, 0 bytes, Stack size unknown bytes, libinit2.o(.ARM.Collect$$libinit$$0000002E))

<P><STRONG><a name="[250]"></a>__rt_lib_init_atexit_1</STRONG> (Thumb, 0 bytes, Stack size unknown bytes, libinit2.o(.ARM.Collect$$libinit$$0000001D))

<P><STRONG><a name="[251]"></a>__rt_lib_init_clock_1</STRONG> (Thumb, 0 bytes, Stack size unknown bytes, libinit2.o(.ARM.Collect$$libinit$$00000023))

<P><STRONG><a name="[252]"></a>__rt_lib_init_cpp_1</STRONG> (Thumb, 0 bytes, Stack size unknown bytes, libinit2.o(.ARM.Collect$$libinit$$00000034))

<P><STRONG><a name="[253]"></a>__rt_lib_init_exceptions_1</STRONG> (Thumb, 0 bytes, Stack size unknown bytes, libinit2.o(.ARM.Collect$$libinit$$00000032))

<P><STRONG><a name="[254]"></a>__rt_lib_init_fp_trap_1</STRONG> (Thumb, 0 bytes, Stack size unknown bytes, libinit2.o(.ARM.Collect$$libinit$$00000021))

<P><STRONG><a name="[255]"></a>__rt_lib_init_getenv_1</STRONG> (Thumb, 0 bytes, Stack size unknown bytes, libinit2.o(.ARM.Collect$$libinit$$00000025))

<P><STRONG><a name="[256]"></a>__rt_lib_init_lc_ctype_1</STRONG> (Thumb, 0 bytes, Stack size unknown bytes, libinit2.o(.ARM.Collect$$libinit$$00000015))

<P><STRONG><a name="[257]"></a>__rt_lib_init_lc_monetary_1</STRONG> (Thumb, 0 bytes, Stack size unknown bytes, libinit2.o(.ARM.Collect$$libinit$$00000017))

<P><STRONG><a name="[258]"></a>__rt_lib_init_lc_numeric_1</STRONG> (Thumb, 0 bytes, Stack size unknown bytes, libinit2.o(.ARM.Collect$$libinit$$00000019))

<P><STRONG><a name="[259]"></a>__rt_lib_init_lc_time_1</STRONG> (Thumb, 0 bytes, Stack size unknown bytes, libinit2.o(.ARM.Collect$$libinit$$0000001B))

<P><STRONG><a name="[25a]"></a>__rt_lib_init_return</STRONG> (Thumb, 0 bytes, Stack size unknown bytes, libinit2.o(.ARM.Collect$$libinit$$00000035))

<P><STRONG><a name="[25b]"></a>__rt_lib_init_signal_1</STRONG> (Thumb, 0 bytes, Stack size unknown bytes, libinit2.o(.ARM.Collect$$libinit$$0000001F))

<P><STRONG><a name="[25c]"></a>__rt_lib_init_stdio_1</STRONG> (Thumb, 0 bytes, Stack size unknown bytes, libinit2.o(.ARM.Collect$$libinit$$00000027))

<P><STRONG><a name="[e7]"></a>__rt_lib_shutdown</STRONG> (Thumb, 0 bytes, Stack size unknown bytes, libshutdown.o(.ARM.Collect$$libshutdown$$00000000))
<BR><BR>[Called By]<UL><LI><a href="#[e6]">&gt;&gt;</a>&nbsp;&nbsp;&nbsp;__rt_exit_ls
<LI><a href="#[fa]">&gt;&gt;</a>&nbsp;&nbsp;&nbsp;abort
</UL>

<P><STRONG><a name="[25d]"></a>__rt_lib_shutdown_cpp_1</STRONG> (Thumb, 0 bytes, Stack size unknown bytes, libshutdown2.o(.ARM.Collect$$libshutdown$$00000002))

<P><STRONG><a name="[25e]"></a>__rt_lib_shutdown_fp_trap_1</STRONG> (Thumb, 0 bytes, Stack size unknown bytes, libshutdown2.o(.ARM.Collect$$libshutdown$$00000007))

<P><STRONG><a name="[25f]"></a>__rt_lib_shutdown_heap_1</STRONG> (Thumb, 0 bytes, Stack size unknown bytes, libshutdown2.o(.ARM.Collect$$libshutdown$$0000000F))

<P><STRONG><a name="[260]"></a>__rt_lib_shutdown_return</STRONG> (Thumb, 0 bytes, Stack size unknown bytes, libshutdown2.o(.ARM.Collect$$libshutdown$$00000010))

<P><STRONG><a name="[261]"></a>__rt_lib_shutdown_signal_1</STRONG> (Thumb, 0 bytes, Stack size unknown bytes, libshutdown2.o(.ARM.Collect$$libshutdown$$0000000A))

<P><STRONG><a name="[262]"></a>__rt_lib_shutdown_stdio_1</STRONG> (Thumb, 0 bytes, Stack size unknown bytes, libshutdown2.o(.ARM.Collect$$libshutdown$$00000004))

<P><STRONG><a name="[263]"></a>__rt_lib_shutdown_user_alloc_1</STRONG> (Thumb, 0 bytes, Stack size unknown bytes, libshutdown2.o(.ARM.Collect$$libshutdown$$0000000C))

<P><STRONG><a name="[dc]"></a>__rt_entry</STRONG> (Thumb, 0 bytes, Stack size unknown bytes, __rtentry.o(.ARM.Collect$$rtentry$$00000000))
<BR><BR>[Called By]<UL><LI><a href="#[5d]">&gt;&gt;</a>&nbsp;&nbsp;&nbsp;__main
<LI><a href="#[dd]">&gt;&gt;</a>&nbsp;&nbsp;&nbsp;__scatterload_rt2
</UL>

<P><STRONG><a name="[264]"></a>__rt_entry_presh_1</STRONG> (Thumb, 0 bytes, Stack size unknown bytes, __rtentry2.o(.ARM.Collect$$rtentry$$00000002))

<P><STRONG><a name="[265]"></a>__rt_entry_sh</STRONG> (Thumb, 0 bytes, Stack size unknown bytes, __rtentry7.o(.ARM.Collect$$rtentry$$00000007))

<P><STRONG><a name="[e1]"></a>__rt_entry_li</STRONG> (Thumb, 0 bytes, Stack size unknown bytes, __rtentry2.o(.ARM.Collect$$rtentry$$0000000A))
<BR><BR>[Calls]<UL><LI><a href="#[e2]">&gt;&gt;</a>&nbsp;&nbsp;&nbsp;__rt_lib_init
</UL>

<P><STRONG><a name="[266]"></a>__rt_entry_postsh_1</STRONG> (Thumb, 0 bytes, Stack size unknown bytes, __rtentry2.o(.ARM.Collect$$rtentry$$00000009))

<P><STRONG><a name="[e3]"></a>__rt_entry_main</STRONG> (Thumb, 0 bytes, Stack size unknown bytes, __rtentry2.o(.ARM.Collect$$rtentry$$0000000D))
<BR><BR>[Stack]<UL><LI>Max Depth = 1048 + Unknown Stack Size
<LI>Call Chain = __rt_entry_main &rArr; main &rArr; rtthread_startup &rArr; rt_hw_board_init &rArr; BOARD_InitBootClocks &rArr; BOARD_BootClockFRO96M &rArr; SPC_SetSRAMOperateVoltage &rArr; __aeabi_assert &rArr; abort &rArr; __rt_SIGABRT &rArr; __sig_exit &rArr; _sys_exit &rArr; __rt_libc_exit &rArr; rt_thread_control &rArr; rt_thread_delete &rArr; _thread_detach &rArr; rt_mutex_drop_thread &rArr; rt_kprintf &rArr; rt_device_write &rArr; rt_object_get_type &rArr; rt_assert_handler &rArr;  rt_kprintf (Cycle)
</UL>
<BR>[Calls]<UL><LI><a href="#[e4]">&gt;&gt;</a>&nbsp;&nbsp;&nbsp;main
<LI><a href="#[e5]">&gt;&gt;</a>&nbsp;&nbsp;&nbsp;exit
</UL>

<P><STRONG><a name="[267]"></a>__rt_entry_postli_1</STRONG> (Thumb, 0 bytes, Stack size unknown bytes, __rtentry2.o(.ARM.Collect$$rtentry$$0000000C))

<P><STRONG><a name="[106]"></a>__rt_exit</STRONG> (Thumb, 0 bytes, Stack size unknown bytes, rtexit.o(.ARM.Collect$$rtexit$$00000000))
<BR><BR>[Called By]<UL><LI><a href="#[e5]">&gt;&gt;</a>&nbsp;&nbsp;&nbsp;exit
</UL>

<P><STRONG><a name="[e6]"></a>__rt_exit_ls</STRONG> (Thumb, 0 bytes, Stack size unknown bytes, rtexit2.o(.ARM.Collect$$rtexit$$00000003))
<BR><BR>[Calls]<UL><LI><a href="#[e7]">&gt;&gt;</a>&nbsp;&nbsp;&nbsp;__rt_lib_shutdown
</UL>

<P><STRONG><a name="[268]"></a>__rt_exit_prels_1</STRONG> (Thumb, 0 bytes, Stack size unknown bytes, rtexit2.o(.ARM.Collect$$rtexit$$00000002))

<P><STRONG><a name="[e8]"></a>__rt_exit_exit</STRONG> (Thumb, 0 bytes, Stack size unknown bytes, rtexit2.o(.ARM.Collect$$rtexit$$00000004))
<BR><BR>[Stack]<UL><LI>Max Depth = 920 + Unknown Stack Size
<LI>Call Chain = __rt_exit_exit &rArr; _sys_exit &rArr; __rt_libc_exit &rArr; rt_thread_control &rArr; rt_thread_delete &rArr; _thread_detach &rArr; rt_mutex_drop_thread &rArr; rt_kprintf &rArr; rt_device_write &rArr; rt_object_get_type &rArr; rt_assert_handler &rArr;  rt_kprintf (Cycle)
</UL>
<BR>[Calls]<UL><LI><a href="#[e9]">&gt;&gt;</a>&nbsp;&nbsp;&nbsp;_sys_exit
</UL>

<P><STRONG><a name="[1e1]"></a>rt_hw_interrupt_disable</STRONG> (Thumb, 8 bytes, Stack size 0 bytes, context_rvds.o(.text))
<BR><BR>[Called By]<UL><LI><a href="#[1d7]">&gt;&gt;</a>&nbsp;&nbsp;&nbsp;rt_exit_critical
<LI><a href="#[168]">&gt;&gt;</a>&nbsp;&nbsp;&nbsp;rt_enter_critical
<LI><a href="#[162]">&gt;&gt;</a>&nbsp;&nbsp;&nbsp;rt_schedule
<LI><a href="#[165]">&gt;&gt;</a>&nbsp;&nbsp;&nbsp;rt_spin_lock_irqsave
<LI><a href="#[157]">&gt;&gt;</a>&nbsp;&nbsp;&nbsp;rt_interrupt_get_nest
<LI><a href="#[1f5]">&gt;&gt;</a>&nbsp;&nbsp;&nbsp;rt_sched_remove_thread
<LI><a href="#[171]">&gt;&gt;</a>&nbsp;&nbsp;&nbsp;rt_sched_insert_thread
<LI><a href="#[15e]">&gt;&gt;</a>&nbsp;&nbsp;&nbsp;rt_sched_lock
<LI><a href="#[16d]">&gt;&gt;</a>&nbsp;&nbsp;&nbsp;rt_exit_critical_safe
<LI><a href="#[207]">&gt;&gt;</a>&nbsp;&nbsp;&nbsp;rt_system_scheduler_start
<LI><a href="#[108]">&gt;&gt;</a>&nbsp;&nbsp;&nbsp;rtthread_startup
</UL>

<P><STRONG><a name="[1e2]"></a>rt_hw_interrupt_enable</STRONG> (Thumb, 6 bytes, Stack size 0 bytes, context_rvds.o(.text))
<BR><BR>[Called By]<UL><LI><a href="#[1d7]">&gt;&gt;</a>&nbsp;&nbsp;&nbsp;rt_exit_critical
<LI><a href="#[168]">&gt;&gt;</a>&nbsp;&nbsp;&nbsp;rt_enter_critical
<LI><a href="#[162]">&gt;&gt;</a>&nbsp;&nbsp;&nbsp;rt_schedule
<LI><a href="#[166]">&gt;&gt;</a>&nbsp;&nbsp;&nbsp;rt_spin_unlock_irqrestore
<LI><a href="#[157]">&gt;&gt;</a>&nbsp;&nbsp;&nbsp;rt_interrupt_get_nest
<LI><a href="#[1f5]">&gt;&gt;</a>&nbsp;&nbsp;&nbsp;rt_sched_remove_thread
<LI><a href="#[171]">&gt;&gt;</a>&nbsp;&nbsp;&nbsp;rt_sched_insert_thread
<LI><a href="#[172]">&gt;&gt;</a>&nbsp;&nbsp;&nbsp;rt_sched_unlock_n_resched
<LI><a href="#[15f]">&gt;&gt;</a>&nbsp;&nbsp;&nbsp;rt_sched_unlock
<LI><a href="#[16d]">&gt;&gt;</a>&nbsp;&nbsp;&nbsp;rt_exit_critical_safe
<LI><a href="#[207]">&gt;&gt;</a>&nbsp;&nbsp;&nbsp;rt_system_scheduler_start
</UL>

<P><STRONG><a name="[1ff]"></a>rt_hw_context_switch</STRONG> (Thumb, 32 bytes, Stack size 0 bytes, context_rvds.o(.text))
<BR><BR>[Called By]<UL><LI><a href="#[162]">&gt;&gt;</a>&nbsp;&nbsp;&nbsp;rt_schedule
</UL>

<P><STRONG><a name="[1fe]"></a>rt_hw_context_switch_interrupt</STRONG> (Thumb, 0 bytes, Stack size 0 bytes, context_rvds.o(.text))
<BR><BR>[Called By]<UL><LI><a href="#[162]">&gt;&gt;</a>&nbsp;&nbsp;&nbsp;rt_schedule
</UL>

<P><STRONG><a name="[a]"></a>PendSV_Handler</STRONG> (Thumb, 172 bytes, Stack size 0 bytes, context_rvds.o(.text))
<BR><BR>[Calls]<UL><LI><a href="#[ea]">&gt;&gt;</a>&nbsp;&nbsp;&nbsp;rt_trustzone_context_store
<LI><a href="#[eb]">&gt;&gt;</a>&nbsp;&nbsp;&nbsp;rt_trustzone_context_load
</UL>
<BR>[Address Reference Count : 2]<UL><LI> startup_mcxa153.o(.text)
<LI> startup_mcxa153.o(.isr_vector)
</UL>
<P><STRONG><a name="[208]"></a>rt_hw_context_switch_to</STRONG> (Thumb, 76 bytes, Stack size 0 bytes, context_rvds.o(.text))
<BR><BR>[Called By]<UL><LI><a href="#[207]">&gt;&gt;</a>&nbsp;&nbsp;&nbsp;rt_system_scheduler_start
</UL>

<P><STRONG><a name="[269]"></a>rt_hw_interrupt_thread_switch</STRONG> (Thumb, 2 bytes, Stack size 0 bytes, context_rvds.o(.text), UNUSED)

<P><STRONG><a name="[3]"></a>HardFault_Handler</STRONG> (Thumb, 72 bytes, Stack size 0 bytes, context_rvds.o(.text))
<BR><BR>[Stack]<UL><LI>Max Depth = 1048 + Unknown Stack Size
<LI>Call Chain = HardFault_Handler &rArr; rt_hw_hard_fault_exception &rArr; list_thread &rArr; rt_kprintf &rArr; rt_device_write &rArr; rt_object_get_type &rArr; rt_assert_handler &rArr;  rt_kprintf (Cycle)
</UL>
<BR>[Calls]<UL><LI><a href="#[ec]">&gt;&gt;</a>&nbsp;&nbsp;&nbsp;rt_hw_hard_fault_exception
</UL>
<BR>[Called By]<UL><LI><a href="#[4]">&gt;&gt;</a>&nbsp;&nbsp;&nbsp;MemManage_Handler
</UL>
<BR>[Address Reference Count : 2]<UL><LI> startup_mcxa153.o(.text)
<LI> startup_mcxa153.o(.isr_vector)
</UL>
<P><STRONG><a name="[26a]"></a>tzcall</STRONG> (Thumb, 4 bytes, Stack size 0 bytes, syscall_rvds.o(.text), UNUSED)

<P><STRONG><a name="[8]"></a>SVC_Handler</STRONG> (Thumb, 28 bytes, Stack size 0 bytes, syscall_rvds.o(.text))
<BR><BR>[Stack]<UL><LI>Max Depth = 808 + Unknown Stack Size
<LI>Call Chain = SVC_Handler &rArr; tzcall_entry &rArr; rt_secure_svc_handle &rArr; rt_kprintf &rArr; rt_device_write &rArr; rt_object_get_type &rArr; rt_assert_handler &rArr;  rt_kprintf (Cycle)
</UL>
<BR>[Calls]<UL><LI><a href="#[ef]">&gt;&gt;</a>&nbsp;&nbsp;&nbsp;syscall_entry
<LI><a href="#[ed]">&gt;&gt;</a>&nbsp;&nbsp;&nbsp;tzcall_entry
</UL>
<BR>[Address Reference Count : 2]<UL><LI> startup_mcxa153.o(.text)
<LI> startup_mcxa153.o(.isr_vector)
</UL>
<P><STRONG><a name="[1]"></a>Reset_Handler</STRONG> (Thumb, 52 bytes, Stack size unknown bytes, startup_mcxa153.o(.text))
<BR>[Address Reference Count : 1]<UL><LI> startup_mcxa153.o(.isr_vector)
</UL>
<P><STRONG><a name="[9c]"></a>ADC0_DriverIRQHandler</STRONG> (Thumb, 4 bytes, Stack size unknown bytes, startup_mcxa153.o(.text))
<BR><BR>[Calls]<UL><LI><a href="#[0]">&gt;&gt;</a>&nbsp;&nbsp;&nbsp;DefaultISR
</UL>
<BR>[Address Reference Count : 1]<UL><LI> startup_mcxa153.o(.text)
</UL>
<P><STRONG><a name="[5]"></a>BusFault_Handler</STRONG> (Thumb, 4 bytes, Stack size unknown bytes, startup_mcxa153.o(.text))
<BR>[Address Reference Count : 1]<UL><LI> startup_mcxa153.o(.isr_vector)
</UL>
<P><STRONG><a name="[84]"></a>CDOG0_DriverIRQHandler</STRONG> (Thumb, 4 bytes, Stack size unknown bytes, startup_mcxa153.o(.text))
<BR>[Address Reference Count : 1]<UL><LI> startup_mcxa153.o(.text)
</UL>
<P><STRONG><a name="[5f]"></a>CMC_DriverIRQHandler</STRONG> (Thumb, 4 bytes, Stack size unknown bytes, startup_mcxa153.o(.text))
<BR>[Address Reference Count : 1]<UL><LI> startup_mcxa153.o(.text)
</UL>
<P><STRONG><a name="[9e]"></a>CMP0_DriverIRQHandler</STRONG> (Thumb, 4 bytes, Stack size unknown bytes, startup_mcxa153.o(.text))
<BR>[Address Reference Count : 1]<UL><LI> startup_mcxa153.o(.text)
</UL>
<P><STRONG><a name="[9f]"></a>CMP1_DriverIRQHandler</STRONG> (Thumb, 4 bytes, Stack size unknown bytes, startup_mcxa153.o(.text))
<BR>[Address Reference Count : 1]<UL><LI> startup_mcxa153.o(.text)
</UL>
<P><STRONG><a name="[9]"></a>DebugMon_Handler</STRONG> (Thumb, 4 bytes, Stack size unknown bytes, startup_mcxa153.o(.text))
<BR>[Address Reference Count : 1]<UL><LI> startup_mcxa153.o(.isr_vector)
</UL>
<P><STRONG><a name="[0]"></a>DefaultISR</STRONG> (Thumb, 4 bytes, Stack size unknown bytes, startup_mcxa153.o(.text))
<BR><BR>[Called By]<UL><LI><a href="#[9c]">&gt;&gt;</a>&nbsp;&nbsp;&nbsp;ADC0_DriverIRQHandler
</UL>
<BR>[Address Reference Count : 3]<UL><LI> fsl_ostimer.o(.data.s_ostimerIsr)
<LI> fsl_utick.o(.data.s_utickIsr)
<LI> fsl_lpuart.o(.data.s_lpuartIsr)
</UL>
<P><STRONG><a name="[69]"></a>ERM0_MULTI_BIT_DriverIRQHandler</STRONG> (Thumb, 4 bytes, Stack size unknown bytes, startup_mcxa153.o(.text))
<BR>[Address Reference Count : 1]<UL><LI> startup_mcxa153.o(.text)
</UL>
<P><STRONG><a name="[68]"></a>ERM0_SINGLE_BIT_DriverIRQHandler</STRONG> (Thumb, 4 bytes, Stack size unknown bytes, startup_mcxa153.o(.text))
<BR>[Address Reference Count : 1]<UL><LI> startup_mcxa153.o(.text)
</UL>
<P><STRONG><a name="[8b]"></a>FLEXPWM0_FAULT_DriverIRQHandler</STRONG> (Thumb, 4 bytes, Stack size unknown bytes, startup_mcxa153.o(.text))
<BR>[Address Reference Count : 1]<UL><LI> startup_mcxa153.o(.text)
</UL>
<P><STRONG><a name="[8a]"></a>FLEXPWM0_RELOAD_ERROR_DriverIRQHandler</STRONG> (Thumb, 4 bytes, Stack size unknown bytes, startup_mcxa153.o(.text))
<BR>[Address Reference Count : 1]<UL><LI> startup_mcxa153.o(.text)
</UL>
<P><STRONG><a name="[8c]"></a>FLEXPWM0_SUBMODULE0_DriverIRQHandler</STRONG> (Thumb, 4 bytes, Stack size unknown bytes, startup_mcxa153.o(.text))
<BR>[Address Reference Count : 1]<UL><LI> startup_mcxa153.o(.text)
</UL>
<P><STRONG><a name="[8d]"></a>FLEXPWM0_SUBMODULE1_DriverIRQHandler</STRONG> (Thumb, 4 bytes, Stack size unknown bytes, startup_mcxa153.o(.text))
<BR>[Address Reference Count : 1]<UL><LI> startup_mcxa153.o(.text)
</UL>
<P><STRONG><a name="[8e]"></a>FLEXPWM0_SUBMODULE2_DriverIRQHandler</STRONG> (Thumb, 4 bytes, Stack size unknown bytes, startup_mcxa153.o(.text))
<BR>[Address Reference Count : 1]<UL><LI> startup_mcxa153.o(.text)
</UL>
<P><STRONG><a name="[6a]"></a>FMU0_DriverIRQHandler</STRONG> (Thumb, 4 bytes, Stack size unknown bytes, startup_mcxa153.o(.text))
<BR>[Address Reference Count : 1]<UL><LI> startup_mcxa153.o(.text)
</UL>
<P><STRONG><a name="[94]"></a>FREQME0_DriverIRQHandler</STRONG> (Thumb, 4 bytes, Stack size unknown bytes, startup_mcxa153.o(.text))
<BR>[Address Reference Count : 1]<UL><LI> startup_mcxa153.o(.text)
</UL>
<P><STRONG><a name="[6b]"></a>GLIKEY0_DriverIRQHandler</STRONG> (Thumb, 4 bytes, Stack size unknown bytes, startup_mcxa153.o(.text))
<BR>[Address Reference Count : 1]<UL><LI> startup_mcxa153.o(.text)
</UL>
<P><STRONG><a name="[a5]"></a>GPIO0_DriverIRQHandler</STRONG> (Thumb, 4 bytes, Stack size unknown bytes, startup_mcxa153.o(.text))
<BR>[Address Reference Count : 1]<UL><LI> startup_mcxa153.o(.text)
</UL>
<P><STRONG><a name="[a6]"></a>GPIO1_DriverIRQHandler</STRONG> (Thumb, 4 bytes, Stack size unknown bytes, startup_mcxa153.o(.text))
<BR>[Address Reference Count : 1]<UL><LI> startup_mcxa153.o(.text)
</UL>
<P><STRONG><a name="[a7]"></a>GPIO2_DriverIRQHandler</STRONG> (Thumb, 4 bytes, Stack size unknown bytes, startup_mcxa153.o(.text))
<BR>[Address Reference Count : 1]<UL><LI> startup_mcxa153.o(.text)
</UL>
<P><STRONG><a name="[a8]"></a>GPIO3_DriverIRQHandler</STRONG> (Thumb, 4 bytes, Stack size unknown bytes, startup_mcxa153.o(.text))
<BR>[Address Reference Count : 1]<UL><LI> startup_mcxa153.o(.text)
</UL>
<P><STRONG><a name="[7a]"></a>LPSPI0_DriverIRQHandler</STRONG> (Thumb, 4 bytes, Stack size unknown bytes, startup_mcxa153.o(.text))
<BR>[Address Reference Count : 1]<UL><LI> startup_mcxa153.o(.text)
</UL>
<P><STRONG><a name="[7b]"></a>LPSPI1_DriverIRQHandler</STRONG> (Thumb, 4 bytes, Stack size unknown bytes, startup_mcxa153.o(.text))
<BR>[Address Reference Count : 1]<UL><LI> startup_mcxa153.o(.text)
</UL>
<P><STRONG><a name="[95]"></a>LPTMR0_DriverIRQHandler</STRONG> (Thumb, 4 bytes, Stack size unknown bytes, startup_mcxa153.o(.text))
<BR>[Address Reference Count : 1]<UL><LI> startup_mcxa153.o(.text)
</UL>
<P><STRONG><a name="[6c]"></a>MBC0_DriverIRQHandler</STRONG> (Thumb, 4 bytes, Stack size unknown bytes, startup_mcxa153.o(.text))
<BR>[Address Reference Count : 1]<UL><LI> startup_mcxa153.o(.text)
</UL>
<P><STRONG><a name="[90]"></a>QDC0_COMPARE_DriverIRQHandler</STRONG> (Thumb, 4 bytes, Stack size unknown bytes, startup_mcxa153.o(.text))
<BR>[Address Reference Count : 1]<UL><LI> startup_mcxa153.o(.text)
</UL>
<P><STRONG><a name="[91]"></a>QDC0_HOME_DriverIRQHandler</STRONG> (Thumb, 4 bytes, Stack size unknown bytes, startup_mcxa153.o(.text))
<BR>[Address Reference Count : 1]<UL><LI> startup_mcxa153.o(.text)
</UL>
<P><STRONG><a name="[93]"></a>QDC0_INDEX_DriverIRQHandler</STRONG> (Thumb, 4 bytes, Stack size unknown bytes, startup_mcxa153.o(.text))
<BR>[Address Reference Count : 1]<UL><LI> startup_mcxa153.o(.text)
</UL>
<P><STRONG><a name="[92]"></a>QDC0_WATCHDOG_DriverIRQHandler</STRONG> (Thumb, 4 bytes, Stack size unknown bytes, startup_mcxa153.o(.text))
<BR>[Address Reference Count : 1]<UL><LI> startup_mcxa153.o(.text)
</UL>
<P><STRONG><a name="[5e]"></a>Reserved16_DriverIRQHandler</STRONG> (Thumb, 4 bytes, Stack size unknown bytes, startup_mcxa153.o(.text))
<BR>[Address Reference Count : 1]<UL><LI> startup_mcxa153.o(.text)
</UL>
<P><STRONG><a name="[64]"></a>Reserved22_DriverIRQHandler</STRONG> (Thumb, 4 bytes, Stack size unknown bytes, startup_mcxa153.o(.text))
<BR>[Address Reference Count : 1]<UL><LI> startup_mcxa153.o(.text)
</UL>
<P><STRONG><a name="[65]"></a>Reserved23_DriverIRQHandler</STRONG> (Thumb, 4 bytes, Stack size unknown bytes, startup_mcxa153.o(.text))
<BR>[Address Reference Count : 1]<UL><LI> startup_mcxa153.o(.text)
</UL>
<P><STRONG><a name="[66]"></a>Reserved24_DriverIRQHandler</STRONG> (Thumb, 4 bytes, Stack size unknown bytes, startup_mcxa153.o(.text))
<BR>[Address Reference Count : 1]<UL><LI> startup_mcxa153.o(.text)
</UL>
<P><STRONG><a name="[67]"></a>Reserved25_DriverIRQHandler</STRONG> (Thumb, 4 bytes, Stack size unknown bytes, startup_mcxa153.o(.text))
<BR>[Address Reference Count : 1]<UL><LI> startup_mcxa153.o(.text)
</UL>
<P><STRONG><a name="[6f]"></a>Reserved33_DriverIRQHandler</STRONG> (Thumb, 4 bytes, Stack size unknown bytes, startup_mcxa153.o(.text))
<BR>[Address Reference Count : 1]<UL><LI> startup_mcxa153.o(.text)
</UL>
<P><STRONG><a name="[71]"></a>Reserved35_DriverIRQHandler</STRONG> (Thumb, 4 bytes, Stack size unknown bytes, startup_mcxa153.o(.text))
<BR>[Address Reference Count : 1]<UL><LI> startup_mcxa153.o(.text)
</UL>
<P><STRONG><a name="[72]"></a>Reserved36_DriverIRQHandler</STRONG> (Thumb, 4 bytes, Stack size unknown bytes, startup_mcxa153.o(.text))
<BR>[Address Reference Count : 1]<UL><LI> startup_mcxa153.o(.text)
</UL>
<P><STRONG><a name="[73]"></a>Reserved37_DriverIRQHandler</STRONG> (Thumb, 4 bytes, Stack size unknown bytes, startup_mcxa153.o(.text))
<BR>[Address Reference Count : 1]<UL><LI> startup_mcxa153.o(.text)
</UL>
<P><STRONG><a name="[74]"></a>Reserved38_DriverIRQHandler</STRONG> (Thumb, 4 bytes, Stack size unknown bytes, startup_mcxa153.o(.text))
<BR>[Address Reference Count : 1]<UL><LI> startup_mcxa153.o(.text)
</UL>
<P><STRONG><a name="[75]"></a>Reserved39_DriverIRQHandler</STRONG> (Thumb, 4 bytes, Stack size unknown bytes, startup_mcxa153.o(.text))
<BR>[Address Reference Count : 1]<UL><LI> startup_mcxa153.o(.text)
</UL>
<P><STRONG><a name="[77]"></a>Reserved41_DriverIRQHandler</STRONG> (Thumb, 4 bytes, Stack size unknown bytes, startup_mcxa153.o(.text))
<BR>[Address Reference Count : 1]<UL><LI> startup_mcxa153.o(.text)
</UL>
<P><STRONG><a name="[79]"></a>Reserved43_DriverIRQHandler</STRONG> (Thumb, 4 bytes, Stack size unknown bytes, startup_mcxa153.o(.text))
<BR>[Address Reference Count : 1]<UL><LI> startup_mcxa153.o(.text)
</UL>
<P><STRONG><a name="[7c]"></a>Reserved46_DriverIRQHandler</STRONG> (Thumb, 4 bytes, Stack size unknown bytes, startup_mcxa153.o(.text))
<BR>[Address Reference Count : 1]<UL><LI> startup_mcxa153.o(.text)
</UL>
<P><STRONG><a name="[80]"></a>Reserved50_DriverIRQHandler</STRONG> (Thumb, 4 bytes, Stack size unknown bytes, startup_mcxa153.o(.text))
<BR>[Address Reference Count : 1]<UL><LI> startup_mcxa153.o(.text)
</UL>
<P><STRONG><a name="[81]"></a>Reserved51_DriverIRQHandler</STRONG> (Thumb, 4 bytes, Stack size unknown bytes, startup_mcxa153.o(.text))
<BR>[Address Reference Count : 1]<UL><LI> startup_mcxa153.o(.text)
</UL>
<P><STRONG><a name="[83]"></a>Reserved53_DriverIRQHandler</STRONG> (Thumb, 4 bytes, Stack size unknown bytes, startup_mcxa153.o(.text))
<BR>[Address Reference Count : 1]<UL><LI> startup_mcxa153.o(.text)
</UL>
<P><STRONG><a name="[88]"></a>Reserved58_DriverIRQHandler</STRONG> (Thumb, 4 bytes, Stack size unknown bytes, startup_mcxa153.o(.text))
<BR>[Address Reference Count : 1]<UL><LI> startup_mcxa153.o(.text)
</UL>
<P><STRONG><a name="[89]"></a>Reserved59_DriverIRQHandler</STRONG> (Thumb, 4 bytes, Stack size unknown bytes, startup_mcxa153.o(.text))
<BR>[Address Reference Count : 1]<UL><LI> startup_mcxa153.o(.text)
</UL>
<P><STRONG><a name="[8f]"></a>Reserved65_DriverIRQHandler</STRONG> (Thumb, 4 bytes, Stack size unknown bytes, startup_mcxa153.o(.text))
<BR>[Address Reference Count : 1]<UL><LI> startup_mcxa153.o(.text)
</UL>
<P><STRONG><a name="[96]"></a>Reserved72_DriverIRQHandler</STRONG> (Thumb, 4 bytes, Stack size unknown bytes, startup_mcxa153.o(.text))
<BR>[Address Reference Count : 1]<UL><LI> startup_mcxa153.o(.text)
</UL>
<P><STRONG><a name="[9b]"></a>Reserved77_DriverIRQHandler</STRONG> (Thumb, 4 bytes, Stack size unknown bytes, startup_mcxa153.o(.text))
<BR>[Address Reference Count : 1]<UL><LI> startup_mcxa153.o(.text)
</UL>
<P><STRONG><a name="[9d]"></a>Reserved79_DriverIRQHandler</STRONG> (Thumb, 4 bytes, Stack size unknown bytes, startup_mcxa153.o(.text))
<BR>[Address Reference Count : 1]<UL><LI> startup_mcxa153.o(.text)
</UL>
<P><STRONG><a name="[a0]"></a>Reserved82_DriverIRQHandler</STRONG> (Thumb, 4 bytes, Stack size unknown bytes, startup_mcxa153.o(.text))
<BR>[Address Reference Count : 1]<UL><LI> startup_mcxa153.o(.text)
</UL>
<P><STRONG><a name="[a1]"></a>Reserved83_DriverIRQHandler</STRONG> (Thumb, 4 bytes, Stack size unknown bytes, startup_mcxa153.o(.text))
<BR>[Address Reference Count : 1]<UL><LI> startup_mcxa153.o(.text)
</UL>
<P><STRONG><a name="[a2]"></a>Reserved84_DriverIRQHandler</STRONG> (Thumb, 4 bytes, Stack size unknown bytes, startup_mcxa153.o(.text))
<BR>[Address Reference Count : 1]<UL><LI> startup_mcxa153.o(.text)
</UL>
<P><STRONG><a name="[a3]"></a>Reserved85_DriverIRQHandler</STRONG> (Thumb, 4 bytes, Stack size unknown bytes, startup_mcxa153.o(.text))
<BR>[Address Reference Count : 1]<UL><LI> startup_mcxa153.o(.text)
</UL>
<P><STRONG><a name="[a4]"></a>Reserved86_DriverIRQHandler</STRONG> (Thumb, 4 bytes, Stack size unknown bytes, startup_mcxa153.o(.text))
<BR>[Address Reference Count : 1]<UL><LI> startup_mcxa153.o(.text)
</UL>
<P><STRONG><a name="[a9]"></a>Reserved91_DriverIRQHandler</STRONG> (Thumb, 4 bytes, Stack size unknown bytes, startup_mcxa153.o(.text))
<BR>[Address Reference Count : 1]<UL><LI> startup_mcxa153.o(.text)
</UL>
<P><STRONG><a name="[aa]"></a>Reserved92_DriverIRQHandler</STRONG> (Thumb, 4 bytes, Stack size unknown bytes, startup_mcxa153.o(.text))
<BR>[Address Reference Count : 1]<UL><LI> startup_mcxa153.o(.text)
</UL>
<P><STRONG><a name="[ab]"></a>Reserved93_DriverIRQHandler</STRONG> (Thumb, 4 bytes, Stack size unknown bytes, startup_mcxa153.o(.text))
<BR>[Address Reference Count : 1]<UL><LI> startup_mcxa153.o(.text)
</UL>
<P><STRONG><a name="[ac]"></a>Reserved94_DriverIRQHandler</STRONG> (Thumb, 4 bytes, Stack size unknown bytes, startup_mcxa153.o(.text))
<BR>[Address Reference Count : 1]<UL><LI> startup_mcxa153.o(.text)
</UL>
<P><STRONG><a name="[ad]"></a>Reserved95_DriverIRQHandler</STRONG> (Thumb, 4 bytes, Stack size unknown bytes, startup_mcxa153.o(.text))
<BR>[Address Reference Count : 1]<UL><LI> startup_mcxa153.o(.text)
</UL>
<P><STRONG><a name="[6d]"></a>SCG0_DriverIRQHandler</STRONG> (Thumb, 4 bytes, Stack size unknown bytes, startup_mcxa153.o(.text))
<BR>[Address Reference Count : 1]<UL><LI> startup_mcxa153.o(.text)
</UL>
<P><STRONG><a name="[6e]"></a>SPC0_DriverIRQHandler</STRONG> (Thumb, 4 bytes, Stack size unknown bytes, startup_mcxa153.o(.text))
<BR>[Address Reference Count : 1]<UL><LI> startup_mcxa153.o(.text)
</UL>
<P><STRONG><a name="[7]"></a>SecureFault_Handler</STRONG> (Thumb, 4 bytes, Stack size unknown bytes, startup_mcxa153.o(.text))
<BR>[Address Reference Count : 1]<UL><LI> startup_mcxa153.o(.isr_vector)
</UL>
<P><STRONG><a name="[82]"></a>USB0_DriverIRQHandler</STRONG> (Thumb, 4 bytes, Stack size unknown bytes, startup_mcxa153.o(.text))
<BR>[Address Reference Count : 1]<UL><LI> startup_mcxa153.o(.text)
</UL>
<P><STRONG><a name="[6]"></a>UsageFault_Handler</STRONG> (Thumb, 4 bytes, Stack size unknown bytes, startup_mcxa153.o(.text))
<BR>[Address Reference Count : 1]<UL><LI> startup_mcxa153.o(.isr_vector)
</UL>
<P><STRONG><a name="[70]"></a>WUU0_DriverIRQHandler</STRONG> (Thumb, 4 bytes, Stack size unknown bytes, startup_mcxa153.o(.text))
<BR>[Address Reference Count : 1]<UL><LI> startup_mcxa153.o(.text)
</UL>
<P><STRONG><a name="[9a]"></a>WWDT0_DriverIRQHandler</STRONG> (Thumb, 4 bytes, Stack size unknown bytes, startup_mcxa153.o(.text))
<BR>[Address Reference Count : 1]<UL><LI> startup_mcxa153.o(.text)
</UL>
<P><STRONG><a name="[2]"></a>NMI_Handler</STRONG> (Thumb, 4 bytes, Stack size unknown bytes, startup_mcxa153.o(.text))
<BR>[Address Reference Count : 2]<UL><LI> startup_mcxa153.o(.text)
<LI> startup_mcxa153.o(.isr_vector)
</UL>
<P><STRONG><a name="[c]"></a>Reserved16_IRQHandler</STRONG> (Thumb, 4 bytes, Stack size unknown bytes, startup_mcxa153.o(.text))
<BR>[Address Reference Count : 1]<UL><LI> startup_mcxa153.o(.isr_vector)
</UL>
<P><STRONG><a name="[d]"></a>CMC_IRQHandler</STRONG> (Thumb, 4 bytes, Stack size unknown bytes, startup_mcxa153.o(.text))
<BR>[Address Reference Count : 1]<UL><LI> startup_mcxa153.o(.isr_vector)
</UL>
<P><STRONG><a name="[e]"></a>DMA_CH0_IRQHandler</STRONG> (Thumb, 4 bytes, Stack size unknown bytes, startup_mcxa153.o(.text))
<BR>[Address Reference Count : 1]<UL><LI> startup_mcxa153.o(.isr_vector)
</UL>
<P><STRONG><a name="[f]"></a>DMA_CH1_IRQHandler</STRONG> (Thumb, 4 bytes, Stack size unknown bytes, startup_mcxa153.o(.text))
<BR>[Address Reference Count : 1]<UL><LI> startup_mcxa153.o(.isr_vector)
</UL>
<P><STRONG><a name="[11]"></a>DMA_CH3_IRQHandler</STRONG> (Thumb, 4 bytes, Stack size unknown bytes, startup_mcxa153.o(.text))
<BR>[Address Reference Count : 1]<UL><LI> startup_mcxa153.o(.isr_vector)
</UL>
<P><STRONG><a name="[12]"></a>Reserved22_IRQHandler</STRONG> (Thumb, 4 bytes, Stack size unknown bytes, startup_mcxa153.o(.text))
<BR>[Address Reference Count : 1]<UL><LI> startup_mcxa153.o(.isr_vector)
</UL>
<P><STRONG><a name="[13]"></a>Reserved23_IRQHandler</STRONG> (Thumb, 4 bytes, Stack size unknown bytes, startup_mcxa153.o(.text))
<BR>[Address Reference Count : 1]<UL><LI> startup_mcxa153.o(.isr_vector)
</UL>
<P><STRONG><a name="[14]"></a>Reserved24_IRQHandler</STRONG> (Thumb, 4 bytes, Stack size unknown bytes, startup_mcxa153.o(.text))
<BR>[Address Reference Count : 1]<UL><LI> startup_mcxa153.o(.isr_vector)
</UL>
<P><STRONG><a name="[15]"></a>Reserved25_IRQHandler</STRONG> (Thumb, 4 bytes, Stack size unknown bytes, startup_mcxa153.o(.text))
<BR>[Address Reference Count : 1]<UL><LI> startup_mcxa153.o(.isr_vector)
</UL>
<P><STRONG><a name="[16]"></a>ERM0_SINGLE_BIT_IRQHandler</STRONG> (Thumb, 4 bytes, Stack size unknown bytes, startup_mcxa153.o(.text))
<BR>[Address Reference Count : 1]<UL><LI> startup_mcxa153.o(.isr_vector)
</UL>
<P><STRONG><a name="[17]"></a>ERM0_MULTI_BIT_IRQHandler</STRONG> (Thumb, 4 bytes, Stack size unknown bytes, startup_mcxa153.o(.text))
<BR>[Address Reference Count : 1]<UL><LI> startup_mcxa153.o(.isr_vector)
</UL>
<P><STRONG><a name="[18]"></a>FMU0_IRQHandler</STRONG> (Thumb, 4 bytes, Stack size unknown bytes, startup_mcxa153.o(.text))
<BR>[Address Reference Count : 1]<UL><LI> startup_mcxa153.o(.isr_vector)
</UL>
<P><STRONG><a name="[19]"></a>GLIKEY0_IRQHandler</STRONG> (Thumb, 4 bytes, Stack size unknown bytes, startup_mcxa153.o(.text))
<BR>[Address Reference Count : 1]<UL><LI> startup_mcxa153.o(.isr_vector)
</UL>
<P><STRONG><a name="[1a]"></a>MBC0_IRQHandler</STRONG> (Thumb, 4 bytes, Stack size unknown bytes, startup_mcxa153.o(.text))
<BR>[Address Reference Count : 1]<UL><LI> startup_mcxa153.o(.isr_vector)
</UL>
<P><STRONG><a name="[1b]"></a>SCG0_IRQHandler</STRONG> (Thumb, 4 bytes, Stack size unknown bytes, startup_mcxa153.o(.text))
<BR>[Address Reference Count : 1]<UL><LI> startup_mcxa153.o(.isr_vector)
</UL>
<P><STRONG><a name="[1c]"></a>SPC0_IRQHandler</STRONG> (Thumb, 4 bytes, Stack size unknown bytes, startup_mcxa153.o(.text))
<BR>[Address Reference Count : 1]<UL><LI> startup_mcxa153.o(.isr_vector)
</UL>
<P><STRONG><a name="[1d]"></a>Reserved33_IRQHandler</STRONG> (Thumb, 4 bytes, Stack size unknown bytes, startup_mcxa153.o(.text))
<BR>[Address Reference Count : 1]<UL><LI> startup_mcxa153.o(.isr_vector)
</UL>
<P><STRONG><a name="[1e]"></a>WUU0_IRQHandler</STRONG> (Thumb, 4 bytes, Stack size unknown bytes, startup_mcxa153.o(.text))
<BR>[Address Reference Count : 1]<UL><LI> startup_mcxa153.o(.isr_vector)
</UL>
<P><STRONG><a name="[1f]"></a>Reserved35_IRQHandler</STRONG> (Thumb, 4 bytes, Stack size unknown bytes, startup_mcxa153.o(.text))
<BR>[Address Reference Count : 1]<UL><LI> startup_mcxa153.o(.isr_vector)
</UL>
<P><STRONG><a name="[20]"></a>Reserved36_IRQHandler</STRONG> (Thumb, 4 bytes, Stack size unknown bytes, startup_mcxa153.o(.text))
<BR>[Address Reference Count : 1]<UL><LI> startup_mcxa153.o(.isr_vector)
</UL>
<P><STRONG><a name="[21]"></a>Reserved37_IRQHandler</STRONG> (Thumb, 4 bytes, Stack size unknown bytes, startup_mcxa153.o(.text))
<BR>[Address Reference Count : 1]<UL><LI> startup_mcxa153.o(.isr_vector)
</UL>
<P><STRONG><a name="[22]"></a>Reserved38_IRQHandler</STRONG> (Thumb, 4 bytes, Stack size unknown bytes, startup_mcxa153.o(.text))
<BR>[Address Reference Count : 1]<UL><LI> startup_mcxa153.o(.isr_vector)
</UL>
<P><STRONG><a name="[23]"></a>Reserved39_IRQHandler</STRONG> (Thumb, 4 bytes, Stack size unknown bytes, startup_mcxa153.o(.text))
<BR>[Address Reference Count : 1]<UL><LI> startup_mcxa153.o(.isr_vector)
</UL>
<P><STRONG><a name="[24]"></a>I3C0_IRQHandler</STRONG> (Thumb, 4 bytes, Stack size unknown bytes, startup_mcxa153.o(.text))
<BR>[Address Reference Count : 1]<UL><LI> startup_mcxa153.o(.isr_vector)
</UL>
<P><STRONG><a name="[25]"></a>Reserved41_IRQHandler</STRONG> (Thumb, 4 bytes, Stack size unknown bytes, startup_mcxa153.o(.text))
<BR>[Address Reference Count : 1]<UL><LI> startup_mcxa153.o(.isr_vector)
</UL>
<P><STRONG><a name="[26]"></a>LPI2C0_IRQHandler</STRONG> (Thumb, 4 bytes, Stack size unknown bytes, startup_mcxa153.o(.text))
<BR>[Address Reference Count : 1]<UL><LI> startup_mcxa153.o(.isr_vector)
</UL>
<P><STRONG><a name="[27]"></a>Reserved43_IRQHandler</STRONG> (Thumb, 4 bytes, Stack size unknown bytes, startup_mcxa153.o(.text))
<BR>[Address Reference Count : 1]<UL><LI> startup_mcxa153.o(.isr_vector)
</UL>
<P><STRONG><a name="[28]"></a>LPSPI0_IRQHandler</STRONG> (Thumb, 4 bytes, Stack size unknown bytes, startup_mcxa153.o(.text))
<BR>[Address Reference Count : 1]<UL><LI> startup_mcxa153.o(.isr_vector)
</UL>
<P><STRONG><a name="[29]"></a>LPSPI1_IRQHandler</STRONG> (Thumb, 4 bytes, Stack size unknown bytes, startup_mcxa153.o(.text))
<BR>[Address Reference Count : 1]<UL><LI> startup_mcxa153.o(.isr_vector)
</UL>
<P><STRONG><a name="[2a]"></a>Reserved46_IRQHandler</STRONG> (Thumb, 4 bytes, Stack size unknown bytes, startup_mcxa153.o(.text))
<BR>[Address Reference Count : 1]<UL><LI> startup_mcxa153.o(.isr_vector)
</UL>
<P><STRONG><a name="[2c]"></a>LPUART1_IRQHandler</STRONG> (Thumb, 4 bytes, Stack size unknown bytes, startup_mcxa153.o(.text))
<BR>[Address Reference Count : 1]<UL><LI> startup_mcxa153.o(.isr_vector)
</UL>
<P><STRONG><a name="[2d]"></a>LPUART2_IRQHandler</STRONG> (Thumb, 4 bytes, Stack size unknown bytes, startup_mcxa153.o(.text))
<BR>[Address Reference Count : 1]<UL><LI> startup_mcxa153.o(.isr_vector)
</UL>
<P><STRONG><a name="[2e]"></a>Reserved50_IRQHandler</STRONG> (Thumb, 4 bytes, Stack size unknown bytes, startup_mcxa153.o(.text))
<BR>[Address Reference Count : 1]<UL><LI> startup_mcxa153.o(.isr_vector)
</UL>
<P><STRONG><a name="[2f]"></a>Reserved51_IRQHandler</STRONG> (Thumb, 4 bytes, Stack size unknown bytes, startup_mcxa153.o(.text))
<BR>[Address Reference Count : 1]<UL><LI> startup_mcxa153.o(.isr_vector)
</UL>
<P><STRONG><a name="[30]"></a>USB0_IRQHandler</STRONG> (Thumb, 4 bytes, Stack size unknown bytes, startup_mcxa153.o(.text))
<BR>[Address Reference Count : 1]<UL><LI> startup_mcxa153.o(.isr_vector)
</UL>
<P><STRONG><a name="[31]"></a>Reserved53_IRQHandler</STRONG> (Thumb, 4 bytes, Stack size unknown bytes, startup_mcxa153.o(.text))
<BR>[Address Reference Count : 1]<UL><LI> startup_mcxa153.o(.isr_vector)
</UL>
<P><STRONG><a name="[32]"></a>CDOG0_IRQHandler</STRONG> (Thumb, 4 bytes, Stack size unknown bytes, startup_mcxa153.o(.text))
<BR>[Address Reference Count : 1]<UL><LI> startup_mcxa153.o(.isr_vector)
</UL>
<P><STRONG><a name="[33]"></a>CTIMER0_IRQHandler</STRONG> (Thumb, 4 bytes, Stack size unknown bytes, startup_mcxa153.o(.text))
<BR>[Address Reference Count : 1]<UL><LI> startup_mcxa153.o(.isr_vector)
</UL>
<P><STRONG><a name="[34]"></a>CTIMER1_IRQHandler</STRONG> (Thumb, 4 bytes, Stack size unknown bytes, startup_mcxa153.o(.text))
<BR>[Address Reference Count : 1]<UL><LI> startup_mcxa153.o(.isr_vector)
</UL>
<P><STRONG><a name="[35]"></a>CTIMER2_IRQHandler</STRONG> (Thumb, 4 bytes, Stack size unknown bytes, startup_mcxa153.o(.text))
<BR>[Address Reference Count : 1]<UL><LI> startup_mcxa153.o(.isr_vector)
</UL>
<P><STRONG><a name="[36]"></a>Reserved58_IRQHandler</STRONG> (Thumb, 4 bytes, Stack size unknown bytes, startup_mcxa153.o(.text))
<BR>[Address Reference Count : 1]<UL><LI> startup_mcxa153.o(.isr_vector)
</UL>
<P><STRONG><a name="[37]"></a>Reserved59_IRQHandler</STRONG> (Thumb, 4 bytes, Stack size unknown bytes, startup_mcxa153.o(.text))
<BR>[Address Reference Count : 1]<UL><LI> startup_mcxa153.o(.isr_vector)
</UL>
<P><STRONG><a name="[38]"></a>FLEXPWM0_RELOAD_ERROR_IRQHandler</STRONG> (Thumb, 4 bytes, Stack size unknown bytes, startup_mcxa153.o(.text))
<BR>[Address Reference Count : 1]<UL><LI> startup_mcxa153.o(.isr_vector)
</UL>
<P><STRONG><a name="[39]"></a>FLEXPWM0_FAULT_IRQHandler</STRONG> (Thumb, 4 bytes, Stack size unknown bytes, startup_mcxa153.o(.text))
<BR>[Address Reference Count : 1]<UL><LI> startup_mcxa153.o(.isr_vector)
</UL>
<P><STRONG><a name="[3a]"></a>FLEXPWM0_SUBMODULE0_IRQHandler</STRONG> (Thumb, 4 bytes, Stack size unknown bytes, startup_mcxa153.o(.text))
<BR>[Address Reference Count : 1]<UL><LI> startup_mcxa153.o(.isr_vector)
</UL>
<P><STRONG><a name="[3b]"></a>FLEXPWM0_SUBMODULE1_IRQHandler</STRONG> (Thumb, 4 bytes, Stack size unknown bytes, startup_mcxa153.o(.text))
<BR>[Address Reference Count : 1]<UL><LI> startup_mcxa153.o(.isr_vector)
</UL>
<P><STRONG><a name="[3c]"></a>FLEXPWM0_SUBMODULE2_IRQHandler</STRONG> (Thumb, 4 bytes, Stack size unknown bytes, startup_mcxa153.o(.text))
<BR>[Address Reference Count : 1]<UL><LI> startup_mcxa153.o(.isr_vector)
</UL>
<P><STRONG><a name="[3d]"></a>Reserved65_IRQHandler</STRONG> (Thumb, 4 bytes, Stack size unknown bytes, startup_mcxa153.o(.text))
<BR>[Address Reference Count : 1]<UL><LI> startup_mcxa153.o(.isr_vector)
</UL>
<P><STRONG><a name="[3e]"></a>QDC0_COMPARE_IRQHandler</STRONG> (Thumb, 4 bytes, Stack size unknown bytes, startup_mcxa153.o(.text))
<BR>[Address Reference Count : 1]<UL><LI> startup_mcxa153.o(.isr_vector)
</UL>
<P><STRONG><a name="[3f]"></a>QDC0_HOME_IRQHandler</STRONG> (Thumb, 4 bytes, Stack size unknown bytes, startup_mcxa153.o(.text))
<BR>[Address Reference Count : 1]<UL><LI> startup_mcxa153.o(.isr_vector)
</UL>
<P><STRONG><a name="[40]"></a>QDC0_WATCHDOG_IRQHandler</STRONG> (Thumb, 4 bytes, Stack size unknown bytes, startup_mcxa153.o(.text))
<BR>[Address Reference Count : 1]<UL><LI> startup_mcxa153.o(.isr_vector)
</UL>
[...]
</UL>
<BR>[Address Reference Count : 1]<UL><LI> cmd.o(FSymTab)
</UL>
<P><STRONG><a name="[ca]"></a>rti_start</STRONG> (Thumb, 4 bytes, Stack size 0 bytes, components.o(.text.rti_start))
<BR>[Address Reference Count : 1]<UL><LI> components.o(.rti_fn.0)
</UL>
<P><STRONG><a name="[cb]"></a>rti_board_start</STRONG> (Thumb, 4 bytes, Stack size 0 bytes, components.o(.text.rti_board_start))
<BR>[Address Reference Count : 1]<UL><LI> components.o(.rti_fn.0.end)
</UL>
<P><STRONG><a name="[cf]"></a>rti_board_end</STRONG> (Thumb, 4 bytes, Stack size 0 bytes, components.o(.text.rti_board_end))
<BR>[Address Reference Count : 1]<UL><LI> components.o(.rti_fn.1.end)
</UL>
<P><STRONG><a name="[d2]"></a>rti_end</STRONG> (Thumb, 4 bytes, Stack size 0 bytes, components.o(.text.rti_end))
<BR>[Address Reference Count : 1]<UL><LI> components.o(.rti_fn.6.end)
</UL>
<P><STRONG><a name="[c4]"></a>main_thread_entry</STRONG> (Thumb, 50 bytes, Stack size 16 bytes, components.o(.text.main_thread_entry))
<BR><BR>[Stack]<UL><LI>Max Depth = 1208 + Unknown Stack Size
<LI>Call Chain = main_thread_entry &rArr; $Super$$main &rArr; ADC_DMA_Timer_Init &rArr; EDMA_PrepareTransfer &rArr; EDMA_PrepareTransferConfig &rArr; __aeabi_assert &rArr; abort &rArr; __rt_SIGABRT &rArr; __sig_exit &rArr; _sys_exit &rArr; __rt_libc_exit &rArr; rt_thread_control &rArr; rt_thread_delete &rArr; _thread_detach &rArr; rt_mutex_drop_thread &rArr; rt_kprintf &rArr; rt_device_write &rArr; rt_object_get_type &rArr; rt_assert_handler &rArr;  rt_kprintf (Cycle)
</UL>
<BR>[Calls]<UL><LI><a href="#[1a9]">&gt;&gt;</a>&nbsp;&nbsp;&nbsp;$Super$$main
</UL>
<BR>[Address Reference Count : 1]<UL><LI> components.o(.text.rtthread_startup)
</UL>
<P><STRONG><a name="[c3]"></a>idle_thread_entry</STRONG> (Thumb, 36 bytes, Stack size 0 bytes, idle.o(.text.idle_thread_entry))
<BR><BR>[Stack]<UL><LI>Max Depth = 856 + Unknown Stack Size
<LI>Call Chain = idle_thread_entry &rArr; rt_defunct_execute &rArr; rt_object_delete &rArr; rt_free &rArr; rt_kprintf &rArr; rt_device_write &rArr; rt_object_get_type &rArr; rt_assert_handler &rArr;  rt_kprintf (Cycle)
</UL>
<BR>[Calls]<UL><LI><a href="#[1a5]">&gt;&gt;</a>&nbsp;&nbsp;&nbsp;rt_defunct_execute
</UL>
<BR>[Address Reference Count : 1]<UL><LI> idle.o(.text.rt_thread_idle_init)
</UL>
<P><STRONG><a name="[164]"></a>_rt_sem_take</STRONG> (Thumb, 406 bytes, Stack size 32 bytes, ipc.o(.text._rt_sem_take))
<BR><BR>[Stack]<UL><LI>Max Depth = 832 + Unknown Stack Size
<LI>Call Chain = _rt_sem_take &rArr; rt_kprintf &rArr; rt_device_write &rArr; rt_object_get_type &rArr; rt_assert_handler &rArr;  rt_kprintf (Cycle)
</UL>
<BR>[Calls]<UL><LI><a href="#[15a]">&gt;&gt;</a>&nbsp;&nbsp;&nbsp;rt_thread_suspend_to_list
<LI><a href="#[162]">&gt;&gt;</a>&nbsp;&nbsp;&nbsp;rt_schedule
<LI><a href="#[166]">&gt;&gt;</a>&nbsp;&nbsp;&nbsp;rt_spin_unlock_irqrestore
<LI><a href="#[161]">&gt;&gt;</a>&nbsp;&nbsp;&nbsp;rt_timer_start
<LI><a href="#[160]">&gt;&gt;</a>&nbsp;&nbsp;&nbsp;rt_timer_control
<LI><a href="#[165]">&gt;&gt;</a>&nbsp;&nbsp;&nbsp;rt_spin_lock_irqsave
<LI><a href="#[157]">&gt;&gt;</a>&nbsp;&nbsp;&nbsp;rt_interrupt_get_nest
<LI><a href="#[156]">&gt;&gt;</a>&nbsp;&nbsp;&nbsp;rt_critical_level
<LI><a href="#[158]">&gt;&gt;</a>&nbsp;&nbsp;&nbsp;rt_object_get_type
<LI><a href="#[146]">&gt;&gt;</a>&nbsp;&nbsp;&nbsp;rt_assert_handler
<LI><a href="#[14f]">&gt;&gt;</a>&nbsp;&nbsp;&nbsp;rt_thread_self
<LI><a href="#[11f]">&gt;&gt;</a>&nbsp;&nbsp;&nbsp;rt_kprintf
</UL>
<BR>[Called By]<UL><LI><a href="#[176]">&gt;&gt;</a>&nbsp;&nbsp;&nbsp;rt_sem_take
</UL>

<P><STRONG><a name="[15d]"></a>_thread_update_priority</STRONG> (Thumb, 292 bytes, Stack size 40 bytes, ipc.o(.text._thread_update_priority))
<BR><BR>[Stack]<UL><LI>Max Depth = 80 + In Cycle
<LI>Call Chain = _thread_update_priority &rArr;  rt_object_get_type (Cycle)
</UL>
<BR>[Calls]<UL><LI><a href="#[158]">&gt;&gt;</a>&nbsp;&nbsp;&nbsp;rt_object_get_type
<LI><a href="#[146]">&gt;&gt;</a>&nbsp;&nbsp;&nbsp;rt_assert_handler
<LI><a href="#[170]">&gt;&gt;</a>&nbsp;&nbsp;&nbsp;rt_sched_thread_is_suspended
<LI><a href="#[173]">&gt;&gt;</a>&nbsp;&nbsp;&nbsp;rt_sched_thread_change_priority
<LI><a href="#[163]">&gt;&gt;</a>&nbsp;&nbsp;&nbsp;rt_sched_thread_get_init_prio
<LI><a href="#[15c]">&gt;&gt;</a>&nbsp;&nbsp;&nbsp;rt_sched_thread_get_curr_prio
</UL>
<BR>[Called By]<UL><LI><a href="#[16a]">&gt;&gt;</a>&nbsp;&nbsp;&nbsp;rt_mutex_drop_thread
<LI><a href="#[155]">&gt;&gt;</a>&nbsp;&nbsp;&nbsp;_rt_mutex_take
</UL>

<P><STRONG><a name="[155]"></a>_rt_mutex_take</STRONG> (Thumb, 716 bytes, Stack size 40 bytes, ipc.o(.text._rt_mutex_take))
<BR><BR>[Stack]<UL><LI>Max Depth = 160 + In Cycle
<LI>Call Chain = _rt_mutex_take &rArr;  rt_object_get_type (Cycle)
</UL>
<BR>[Calls]<UL><LI><a href="#[15a]">&gt;&gt;</a>&nbsp;&nbsp;&nbsp;rt_thread_suspend_to_list
<LI><a href="#[15b]">&gt;&gt;</a>&nbsp;&nbsp;&nbsp;rt_spin_unlock
<LI><a href="#[159]">&gt;&gt;</a>&nbsp;&nbsp;&nbsp;rt_spin_lock
<LI><a href="#[162]">&gt;&gt;</a>&nbsp;&nbsp;&nbsp;rt_schedule
<LI><a href="#[161]">&gt;&gt;</a>&nbsp;&nbsp;&nbsp;rt_timer_start
<LI><a href="#[160]">&gt;&gt;</a>&nbsp;&nbsp;&nbsp;rt_timer_control
<LI><a href="#[157]">&gt;&gt;</a>&nbsp;&nbsp;&nbsp;rt_interrupt_get_nest
<LI><a href="#[156]">&gt;&gt;</a>&nbsp;&nbsp;&nbsp;rt_critical_level
<LI><a href="#[158]">&gt;&gt;</a>&nbsp;&nbsp;&nbsp;rt_object_get_type
<LI><a href="#[146]">&gt;&gt;</a>&nbsp;&nbsp;&nbsp;rt_assert_handler
<LI><a href="#[14f]">&gt;&gt;</a>&nbsp;&nbsp;&nbsp;rt_thread_self
<LI><a href="#[11f]">&gt;&gt;</a>&nbsp;&nbsp;&nbsp;rt_kprintf
<LI><a href="#[163]">&gt;&gt;</a>&nbsp;&nbsp;&nbsp;rt_sched_thread_get_init_prio
<LI><a href="#[15c]">&gt;&gt;</a>&nbsp;&nbsp;&nbsp;rt_sched_thread_get_curr_prio
<LI><a href="#[15f]">&gt;&gt;</a>&nbsp;&nbsp;&nbsp;rt_sched_unlock
<LI><a href="#[15e]">&gt;&gt;</a>&nbsp;&nbsp;&nbsp;rt_sched_lock
<LI><a href="#[15d]">&gt;&gt;</a>&nbsp;&nbsp;&nbsp;_thread_update_priority
</UL>
<BR>[Called By]<UL><LI><a href="#[1e3]">&gt;&gt;</a>&nbsp;&nbsp;&nbsp;rt_mutex_take
</UL>

<P><STRONG><a name="[da]"></a>cmd_backtrace</STRONG> (Thumb, 140 bytes, Stack size 32 bytes, kservice.o(.text.cmd_backtrace))
<BR><BR>[Stack]<UL><LI>Max Depth = 832 + Unknown Stack Size
<LI>Call Chain = cmd_backtrace &rArr; rt_kprintf &rArr; rt_device_write &rArr; rt_object_get_type &rArr; rt_assert_handler &rArr;  rt_kprintf (Cycle)
</UL>
<BR>[Calls]<UL><LI><a href="#[158]">&gt;&gt;</a>&nbsp;&nbsp;&nbsp;rt_object_get_type
<LI><a href="#[14f]">&gt;&gt;</a>&nbsp;&nbsp;&nbsp;rt_thread_self
<LI><a href="#[11f]">&gt;&gt;</a>&nbsp;&nbsp;&nbsp;rt_kprintf
<LI><a href="#[179]">&gt;&gt;</a>&nbsp;&nbsp;&nbsp;rt_backtrace_frame
<LI><a href="#[178]">&gt;&gt;</a>&nbsp;&nbsp;&nbsp;rt_hw_backtrace_frame_get
<LI><a href="#[177]">&gt;&gt;</a>&nbsp;&nbsp;&nbsp;rt_backtrace
<LI><a href="#[f6]">&gt;&gt;</a>&nbsp;&nbsp;&nbsp;strtoul
</UL>
<BR>[Address Reference Count : 1]<UL><LI> kservice.o(FSymTab)
</UL>
<P><STRONG><a name="[1b8]"></a>plug_holes</STRONG> (Thumb, 136 bytes, Stack size 16 bytes, mem.o(.text.plug_holes))
<BR><BR>[Stack]<UL><LI>Max Depth = 760 + Unknown Stack Size
<LI>Call Chain = plug_holes &rArr; rt_assert_handler &rArr;  rt_kprintf (Cycle)
</UL>
<BR>[Calls]<UL><LI><a href="#[146]">&gt;&gt;</a>&nbsp;&nbsp;&nbsp;rt_assert_handler
</UL>
<BR>[Called By]<UL><LI><a href="#[1e4]">&gt;&gt;</a>&nbsp;&nbsp;&nbsp;rt_smem_free
</UL>

<P><STRONG><a name="[c1]"></a>_thread_exit</STRONG> (Thumb, 128 bytes, Stack size 32 bytes, thread.o(.text._thread_exit))
<BR><BR>[Stack]<UL><LI>Max Depth = 856 + Unknown Stack Size
<LI>Call Chain = _thread_exit &rArr; rt_mutex_drop_thread &rArr; rt_kprintf &rArr; rt_device_write &rArr; rt_object_get_type &rArr; rt_assert_handler &rArr;  rt_kprintf (Cycle)
</UL>
<BR>[Calls]<UL><LI><a href="#[16b]">&gt;&gt;</a>&nbsp;&nbsp;&nbsp;rt_mutex_release
<LI><a href="#[168]">&gt;&gt;</a>&nbsp;&nbsp;&nbsp;rt_enter_critical
<LI><a href="#[162]">&gt;&gt;</a>&nbsp;&nbsp;&nbsp;rt_schedule
<LI><a href="#[166]">&gt;&gt;</a>&nbsp;&nbsp;&nbsp;rt_spin_unlock_irqrestore
<LI><a href="#[165]">&gt;&gt;</a>&nbsp;&nbsp;&nbsp;rt_spin_lock_irqsave
<LI><a href="#[158]">&gt;&gt;</a>&nbsp;&nbsp;&nbsp;rt_object_get_type
<LI><a href="#[169]">&gt;&gt;</a>&nbsp;&nbsp;&nbsp;rt_thread_close
<LI><a href="#[16a]">&gt;&gt;</a>&nbsp;&nbsp;&nbsp;rt_mutex_drop_thread
<LI><a href="#[16c]">&gt;&gt;</a>&nbsp;&nbsp;&nbsp;rt_thread_defunct_enqueue
<LI><a href="#[16e]">&gt;&gt;</a>&nbsp;&nbsp;&nbsp;rt_cpu_self
<LI><a href="#[16d]">&gt;&gt;</a>&nbsp;&nbsp;&nbsp;rt_exit_critical_safe
</UL>
<BR>[Address Reference Count : 2]<UL><LI> thread.o(.text.rt_thread_create)
<LI> thread.o(.text.rt_thread_init)
</UL>
<P><STRONG><a name="[c2]"></a>_thread_timeout</STRONG> (Thumb, 132 bytes, Stack size 16 bytes, thread.o(.text._thread_timeout))
<BR><BR>[Stack]<UL><LI>Max Depth = 768 + Unknown Stack Size
<LI>Call Chain = _thread_timeout &rArr; rt_object_get_type &rArr; rt_assert_handler &rArr;  rt_kprintf (Cycle)
</UL>
<BR>[Calls]<UL><LI><a href="#[158]">&gt;&gt;</a>&nbsp;&nbsp;&nbsp;rt_object_get_type
<LI><a href="#[146]">&gt;&gt;</a>&nbsp;&nbsp;&nbsp;rt_assert_handler
<LI><a href="#[171]">&gt;&gt;</a>&nbsp;&nbsp;&nbsp;rt_sched_insert_thread
<LI><a href="#[170]">&gt;&gt;</a>&nbsp;&nbsp;&nbsp;rt_sched_thread_is_suspended
<LI><a href="#[172]">&gt;&gt;</a>&nbsp;&nbsp;&nbsp;rt_sched_unlock_n_resched
<LI><a href="#[15e]">&gt;&gt;</a>&nbsp;&nbsp;&nbsp;rt_sched_lock
</UL>
<BR>[Address Reference Count : 2]<UL><LI> thread.o(.text.rt_thread_create)
<LI> thread.o(.text.rt_thread_init)
</UL>
<P><STRONG><a name="[167]"></a>_thread_detach</STRONG> (Thumb, 120 bytes, Stack size 32 bytes, thread.o(.text._thread_detach))
<BR><BR>[Stack]<UL><LI>Max Depth = 856 + Unknown Stack Size
<LI>Call Chain = _thread_detach &rArr; rt_mutex_drop_thread &rArr; rt_kprintf &rArr; rt_device_write &rArr; rt_object_get_type &rArr; rt_assert_handler &rArr;  rt_kprintf (Cycle)
</UL>
<BR>[Calls]<UL><LI><a href="#[16b]">&gt;&gt;</a>&nbsp;&nbsp;&nbsp;rt_mutex_release
<LI><a href="#[168]">&gt;&gt;</a>&nbsp;&nbsp;&nbsp;rt_enter_critical
<LI><a href="#[166]">&gt;&gt;</a>&nbsp;&nbsp;&nbsp;rt_spin_unlock_irqrestore
<LI><a href="#[165]">&gt;&gt;</a>&nbsp;&nbsp;&nbsp;rt_spin_lock_irqsave
<LI><a href="#[158]">&gt;&gt;</a>&nbsp;&nbsp;&nbsp;rt_object_get_type
<LI><a href="#[169]">&gt;&gt;</a>&nbsp;&nbsp;&nbsp;rt_thread_close
<LI><a href="#[16a]">&gt;&gt;</a>&nbsp;&nbsp;&nbsp;rt_mutex_drop_thread
<LI><a href="#[16c]">&gt;&gt;</a>&nbsp;&nbsp;&nbsp;rt_thread_defunct_enqueue
<LI><a href="#[16d]">&gt;&gt;</a>&nbsp;&nbsp;&nbsp;rt_exit_critical_safe
</UL>
<BR>[Called By]<UL><LI><a href="#[211]">&gt;&gt;</a>&nbsp;&nbsp;&nbsp;rt_thread_delete
<LI><a href="#[20f]">&gt;&gt;</a>&nbsp;&nbsp;&nbsp;rt_thread_detach
</UL>

<P><STRONG><a name="[16f]"></a>_thread_sleep</STRONG> (Thumb, 304 bytes, Stack size 32 bytes, thread.o(.text._thread_sleep))
<BR><BR>[Stack]<UL><LI>Max Depth = 832 + Unknown Stack Size
<LI>Call Chain = _thread_sleep &rArr; rt_kprintf &rArr; rt_device_write &rArr; rt_object_get_type &rArr; rt_assert_handler &rArr;  rt_kprintf (Cycle)
</UL>
<BR>[Calls]<UL><LI><a href="#[15a]">&gt;&gt;</a>&nbsp;&nbsp;&nbsp;rt_thread_suspend_to_list
<LI><a href="#[168]">&gt;&gt;</a>&nbsp;&nbsp;&nbsp;rt_enter_critical
<LI><a href="#[162]">&gt;&gt;</a>&nbsp;&nbsp;&nbsp;rt_schedule
<LI><a href="#[161]">&gt;&gt;</a>&nbsp;&nbsp;&nbsp;rt_timer_start
<LI><a href="#[160]">&gt;&gt;</a>&nbsp;&nbsp;&nbsp;rt_timer_control
<LI><a href="#[157]">&gt;&gt;</a>&nbsp;&nbsp;&nbsp;rt_interrupt_get_nest
<LI><a href="#[156]">&gt;&gt;</a>&nbsp;&nbsp;&nbsp;rt_critical_level
<LI><a href="#[158]">&gt;&gt;</a>&nbsp;&nbsp;&nbsp;rt_object_get_type
<LI><a href="#[146]">&gt;&gt;</a>&nbsp;&nbsp;&nbsp;rt_assert_handler
<LI><a href="#[11f]">&gt;&gt;</a>&nbsp;&nbsp;&nbsp;rt_kprintf
<LI><a href="#[16e]">&gt;&gt;</a>&nbsp;&nbsp;&nbsp;rt_cpu_self
<LI><a href="#[16d]">&gt;&gt;</a>&nbsp;&nbsp;&nbsp;rt_exit_critical_safe
</UL>
<BR>[Called By]<UL><LI><a href="#[1b0]">&gt;&gt;</a>&nbsp;&nbsp;&nbsp;rt_thread_mdelay
</UL>

<P><STRONG><a name="[174]"></a>_timer_check</STRONG> (Thumb, 336 bytes, Stack size 48 bytes, timer.o(.text._timer_check))
<BR><BR>[Stack]<UL><LI>Max Depth = 120<LI>Call Chain = _timer_check &rArr; rt_spin_unlock_irqrestore &rArr; rt_exit_critical_safe &rArr; rt_schedule &rArr;  rt_assert_handler (Cycle)
</UL>
<BR>[Calls]<UL><LI><a href="#[166]">&gt;&gt;</a>&nbsp;&nbsp;&nbsp;rt_spin_unlock_irqrestore
<LI><a href="#[165]">&gt;&gt;</a>&nbsp;&nbsp;&nbsp;rt_spin_lock_irqsave
<LI><a href="#[175]">&gt;&gt;</a>&nbsp;&nbsp;&nbsp;rt_tick_get
</UL>
<BR>[Called By]<UL><LI><a href="#[c0]">&gt;&gt;</a>&nbsp;&nbsp;&nbsp;_timer_thread_entry
<LI><a href="#[219]">&gt;&gt;</a>&nbsp;&nbsp;&nbsp;rt_timer_check
</UL>

<P><STRONG><a name="[c0]"></a>_timer_thread_entry</STRONG> (Thumb, 44 bytes, Stack size 0 bytes, timer.o(.text._timer_thread_entry))
<BR><BR>[Stack]<UL><LI>Max Depth = 832 + Unknown Stack Size
<LI>Call Chain = _timer_thread_entry &rArr; rt_sem_take &rArr; _rt_sem_take &rArr; rt_kprintf &rArr; rt_device_write &rArr; rt_object_get_type &rArr; rt_assert_handler &rArr;  rt_kprintf (Cycle)
</UL>
<BR>[Calls]<UL><LI><a href="#[176]">&gt;&gt;</a>&nbsp;&nbsp;&nbsp;rt_sem_take
<LI><a href="#[174]">&gt;&gt;</a>&nbsp;&nbsp;&nbsp;_timer_check
</UL>
<BR>[Address Reference Count : 1]<UL><LI> timer.o(.text.rt_system_timer_thread_init)
</UL>
<P><STRONG><a name="[1c2]"></a>print_floating_point</STRONG> (Thumb, 292 bytes, Stack size 128 bytes, rt_vsnprintf_std.o(.text.print_floating_point))
<BR><BR>[Stack]<UL><LI>Max Depth = 408<LI>Call Chain = print_floating_point &rArr; print_exponential_number &rArr; print_integer &rArr; __aeabi_uldivmod
</UL>
<BR>[Calls]<UL><LI><a href="#[1b9]">&gt;&gt;</a>&nbsp;&nbsp;&nbsp;print_broken_up_decimal
<LI><a href="#[19d]">&gt;&gt;</a>&nbsp;&nbsp;&nbsp;get_components
<LI><a href="#[1bc]">&gt;&gt;</a>&nbsp;&nbsp;&nbsp;print_exponential_number
<LI><a href="#[1bb]">&gt;&gt;</a>&nbsp;&nbsp;&nbsp;out_rev_
<LI><a href="#[1a1]">&gt;&gt;</a>&nbsp;&nbsp;&nbsp;__aeabi_dcmple
<LI><a href="#[1c0]">&gt;&gt;</a>&nbsp;&nbsp;&nbsp;__aeabi_dcmpge
<LI><a href="#[fd]">&gt;&gt;</a>&nbsp;&nbsp;&nbsp;__aeabi_memset4
</UL>
<BR>[Called By]<UL><LI><a href="#[1ed]">&gt;&gt;</a>&nbsp;&nbsp;&nbsp;rt_vsnprintf
</UL>

<P><STRONG><a name="[1c1]"></a>print_integer</STRONG> (Thumb, 446 bytes, Stack size 80 bytes, rt_vsnprintf_std.o(.text.print_integer))
<BR><BR>[Stack]<UL><LI>Max Depth = 128<LI>Call Chain = print_integer &rArr; __aeabi_uldivmod
</UL>
<BR>[Calls]<UL><LI><a href="#[1bb]">&gt;&gt;</a>&nbsp;&nbsp;&nbsp;out_rev_
<LI><a href="#[fb]">&gt;&gt;</a>&nbsp;&nbsp;&nbsp;__aeabi_memset
<LI><a href="#[f2]">&gt;&gt;</a>&nbsp;&nbsp;&nbsp;__aeabi_uldivmod
</UL>
<BR>[Called By]<UL><LI><a href="#[1bc]">&gt;&gt;</a>&nbsp;&nbsp;&nbsp;print_exponential_number
<LI><a href="#[1ed]">&gt;&gt;</a>&nbsp;&nbsp;&nbsp;rt_vsnprintf
</UL>

<P><STRONG><a name="[1bb]"></a>out_rev_</STRONG> (Thumb, 184 bytes, Stack size 40 bytes, rt_vsnprintf_std.o(.text.out_rev_))
<BR><BR>[Stack]<UL><LI>Max Depth = 40<LI>Call Chain = out_rev_
</UL>
<BR>[Called By]<UL><LI><a href="#[1b9]">&gt;&gt;</a>&nbsp;&nbsp;&nbsp;print_broken_up_decimal
<LI><a href="#[1c1]">&gt;&gt;</a>&nbsp;&nbsp;&nbsp;print_integer
<LI><a href="#[1c2]">&gt;&gt;</a>&nbsp;&nbsp;&nbsp;print_floating_point
<LI><a href="#[1ed]">&gt;&gt;</a>&nbsp;&nbsp;&nbsp;rt_vsnprintf
</UL>

<P><STRONG><a name="[1bc]"></a>print_exponential_number</STRONG> (Thumb, 1794 bytes, Stack size 152 bytes, rt_vsnprintf_std.o(.text.print_exponential_number))
<BR><BR>[Stack]<UL><LI>Max Depth = 280<LI>Call Chain = print_exponential_number &rArr; print_integer &rArr; __aeabi_uldivmod
</UL>
<BR>[Calls]<UL><LI><a href="#[1b9]">&gt;&gt;</a>&nbsp;&nbsp;&nbsp;print_broken_up_decimal
<LI><a href="#[19d]">&gt;&gt;</a>&nbsp;&nbsp;&nbsp;get_components
<LI><a href="#[1c1]">&gt;&gt;</a>&nbsp;&nbsp;&nbsp;print_integer
<LI><a href="#[1a0]">&gt;&gt;</a>&nbsp;&nbsp;&nbsp;__aeabi_dmul
<LI><a href="#[19f]">&gt;&gt;</a>&nbsp;&nbsp;&nbsp;__aeabi_l2d
<LI><a href="#[1be]">&gt;&gt;</a>&nbsp;&nbsp;&nbsp;__aeabi_i2d
<LI><a href="#[19e]">&gt;&gt;</a>&nbsp;&nbsp;&nbsp;__aeabi_d2lz
<LI><a href="#[1bf]">&gt;&gt;</a>&nbsp;&nbsp;&nbsp;__aeabi_d2iz
<LI><a href="#[13e]">&gt;&gt;</a>&nbsp;&nbsp;&nbsp;__aeabi_ddiv
<LI><a href="#[1a4]">&gt;&gt;</a>&nbsp;&nbsp;&nbsp;__aeabi_dcmplt
<LI><a href="#[1a1]">&gt;&gt;</a>&nbsp;&nbsp;&nbsp;__aeabi_dcmple
<LI><a href="#[1c0]">&gt;&gt;</a>&nbsp;&nbsp;&nbsp;__aeabi_dcmpge
<LI><a href="#[1a3]">&gt;&gt;</a>&nbsp;&nbsp;&nbsp;__aeabi_dcmpeq
<LI><a href="#[13d]">&gt;&gt;</a>&nbsp;&nbsp;&nbsp;__aeabi_dsub
<LI><a href="#[1bd]">&gt;&gt;</a>&nbsp;&nbsp;&nbsp;__aeabi_dadd
</UL>
<BR>[Called By]<UL><LI><a href="#[1c2]">&gt;&gt;</a>&nbsp;&nbsp;&nbsp;print_floating_point
</UL>

<P><STRONG><a name="[19d]"></a>get_components</STRONG> (Thumb, 296 bytes, Stack size 64 bytes, rt_vsnprintf_std.o(.text.get_components))
<BR><BR>[Stack]<UL><LI>Max Depth = 96<LI>Call Chain = get_components &rArr; __aeabi_dmul
</UL>
<BR>[Calls]<UL><LI><a href="#[1a0]">&gt;&gt;</a>&nbsp;&nbsp;&nbsp;__aeabi_dmul
<LI><a href="#[19f]">&gt;&gt;</a>&nbsp;&nbsp;&nbsp;__aeabi_l2d
<LI><a href="#[19e]">&gt;&gt;</a>&nbsp;&nbsp;&nbsp;__aeabi_d2lz
<LI><a href="#[1a4]">&gt;&gt;</a>&nbsp;&nbsp;&nbsp;__aeabi_dcmplt
<LI><a href="#[1a1]">&gt;&gt;</a>&nbsp;&nbsp;&nbsp;__aeabi_dcmple
<LI><a href="#[1a2]">&gt;&gt;</a>&nbsp;&nbsp;&nbsp;__aeabi_dcmpgt
<LI><a href="#[1a3]">&gt;&gt;</a>&nbsp;&nbsp;&nbsp;__aeabi_dcmpeq
<LI><a href="#[13d]">&gt;&gt;</a>&nbsp;&nbsp;&nbsp;__aeabi_dsub
</UL>
<BR>[Called By]<UL><LI><a href="#[1bc]">&gt;&gt;</a>&nbsp;&nbsp;&nbsp;print_exponential_number
<LI><a href="#[1c2]">&gt;&gt;</a>&nbsp;&nbsp;&nbsp;print_floating_point
</UL>

<P><STRONG><a name="[1b9]"></a>print_broken_up_decimal</STRONG> (Thumb, 556 bytes, Stack size 40 bytes, rt_vsnprintf_std.o(.text.print_broken_up_decimal))
<BR><BR>[Stack]<UL><LI>Max Depth = 80<LI>Call Chain = print_broken_up_decimal &rArr; out_rev_
</UL>
<BR>[Calls]<UL><LI><a href="#[1bb]">&gt;&gt;</a>&nbsp;&nbsp;&nbsp;out_rev_
<LI><a href="#[fb]">&gt;&gt;</a>&nbsp;&nbsp;&nbsp;__aeabi_memset
<LI><a href="#[1ba]">&gt;&gt;</a>&nbsp;&nbsp;&nbsp;__aeabi_ldivmod
</UL>
<BR>[Called By]<UL><LI><a href="#[1bc]">&gt;&gt;</a>&nbsp;&nbsp;&nbsp;print_exponential_number
<LI><a href="#[1c2]">&gt;&gt;</a>&nbsp;&nbsp;&nbsp;print_floating_point
</UL>

<P><STRONG><a name="[ed]"></a>tzcall_entry</STRONG> (Thumb, 22 bytes, Stack size 0 bytes, syscall_rvds.o(.text))
<BR><BR>[Stack]<UL><LI>Max Depth = 808 + Unknown Stack Size
<LI>Call Chain = tzcall_entry &rArr; rt_secure_svc_handle &rArr; rt_kprintf &rArr; rt_device_write &rArr; rt_object_get_type &rArr; rt_assert_handler &rArr;  rt_kprintf (Cycle)
</UL>
<BR>[Calls]<UL><LI><a href="#[ee]">&gt;&gt;</a>&nbsp;&nbsp;&nbsp;rt_secure_svc_handle
</UL>
<BR>[Called By]<UL><LI><a href="#[8]">&gt;&gt;</a>&nbsp;&nbsp;&nbsp;SVC_Handler
</UL>

<P><STRONG><a name="[ef]"></a>syscall_entry</STRONG> (Thumb, 2 bytes, Stack size 0 bytes, syscall_rvds.o(.text))
<BR><BR>[Called By]<UL><LI><a href="#[8]">&gt;&gt;</a>&nbsp;&nbsp;&nbsp;SVC_Handler
</UL>

<P><STRONG><a name="[230]"></a>_dadd1</STRONG> (Thumb, 0 bytes, Stack size unknown bytes, daddsub_clz.o(x$fpl$dadd), UNUSED)
<BR><BR>[Called By]<UL><LI><a href="#[22f]">&gt;&gt;</a>&nbsp;&nbsp;&nbsp;_dsub
</UL>

<P><STRONG><a name="[226]"></a>_dsub1</STRONG> (Thumb, 0 bytes, Stack size unknown bytes, daddsub_clz.o(x$fpl$dsub), UNUSED)
<BR><BR>[Called By]<UL><LI><a href="#[225]">&gt;&gt;</a>&nbsp;&nbsp;&nbsp;_dadd
</UL>

<P><STRONG><a name="[23f]"></a>_fadd1</STRONG> (Thumb, 0 bytes, Stack size unknown bytes, faddsub_clz.o(x$fpl$fadd), UNUSED)
<BR><BR>[Called By]<UL><LI><a href="#[23e]">&gt;&gt;</a>&nbsp;&nbsp;&nbsp;_fsub
</UL>

<P><STRONG><a name="[234]"></a>_fsub1</STRONG> (Thumb, 0 bytes, Stack size unknown bytes, faddsub_clz.o(x$fpl$fsub), UNUSED)
<BR><BR>[Called By]<UL><LI><a href="#[233]">&gt;&gt;</a>&nbsp;&nbsp;&nbsp;_fadd
</UL>
<P>
<H3>
Undefined Global Symbols
</H3><HR></body></html>
